// Jest Snapshot v1, https://goo.gl/fbAQLP

exports[`Layout 1`] = `
Array [
  <div
    className=" css-78it7j-LeftSidebar eu5n9bq0"
  >
    <div
      className="css-3xwi1s-LogoWrapper eu5n9bq1"
    >
      <img
        alt="Dwolla Developers Logo"
        src="/images/dwolla-developers-logo.png"
      />
    </div>
    <div
      className="css-11xrmrt-SideNavWrapper eu5n9bq2"
    >
      <div
        className="css-1gqrwdk-Container e10mac9s0"
      >
        <div
          className=" css-1f0sx94-Slide e10mac9s1"
        >
          <div
            className="css-p3a8sa-SlidePane e10mac9s2"
          >
            <div
              className="css-1klu905-SectionLinksWrapper e10mac9s8"
            >
              <a
                className="css-3bamg-SectionLink-SectionLink"
                href="/"
                onClick={[Function]}
                onMouseEnter={[Function]}
              >
                <div>
                  <img
                    alt="Home"
                    src="/images/home-icon.svg"
                  />
                </div>
                Home
              </a>
              <a
                className="css-3bamg-SectionLink-SectionLink"
                href="/docs/guides"
                onClick={[Function]}
                onMouseEnter={[Function]}
              >
                <div>
                  <img
                    alt="Guides"
                    src="/images/guides-icon.svg"
                  />
                </div>
                Guides
              </a>
              <a
                className="css-3bamg-SectionLink-SectionLink"
                href="/docs/concepts"
                onClick={[Function]}
                onMouseEnter={[Function]}
              >
                <div>
                  <img
                    alt="Concepts"
                    src="/images/concepts-icon.svg"
                  />
                </div>
                Concepts
              </a>
              <a
                className="css-3bamg-SectionLink-SectionLink"
                href="/sdks-tools"
                onClick={[Function]}
                onMouseEnter={[Function]}
              >
                <div>
                  <img
                    alt="SDKs & Tools"
                    src="/images/sdks-tools-icon.svg"
                  />
                </div>
                SDKs & Tools
              </a>
            </div>
          </div>
          <div
            className="css-p3a8sa-SlidePane e10mac9s2"
          >
            <div
              className="css-mhn8j-StickyTop e10mac9s3"
            >
              <div
                className="css-1klu905-SectionLinksWrapper e10mac9s8"
              >
                <a
                  className="css-3bamg-SectionLink-SectionLink"
                  href="/"
                  onClick={[Function]}
                  onMouseEnter={[Function]}
                >
                  <div>
                    <img
                      alt="Back Home"
                      src="/images/home-icon.svg"
                    />
                  </div>
                  Back Home
                </a>
              </div>
            </div>
            <ul
              className="css-1ekxq2g-CategoriesNav e10mac9s4"
            />
          </div>
        </div>
      </div>
    </div>
    <a
      className="css-8aopii-ContainerLink e1nkb8hi0"
      href="https://status.dwolla.com"
      target="_blank"
    >
      <span
        className="indicator-none css-1tmj2bz-StatusIcon e1nkb8hi1"
      />
      apiStatus description
    </a>
  </div>,
  <div
    className="css-173gxmw-MainArea eu5n9bq3"
  >
    <div
      className="css-18nswzc-TopBarWrapper eu5n9bq5"
    >
      <div
        className="css-18kqr8q-Container e1xhgpyy0"
      >
        <a
          className=" css-1gmbmq9-StyledLink e1xhgpyy3"
          href="https://docs.dwolla.com"
          onClick={[Function]}
          onMouseEnter={[Function]}
          target="_blank"
        >
          <span
            className="text"
          >
            API Docs
          </span>
          <img
            alt="Open in new tab"
            className="icon"
            height={13}
            src="test-image-stub"
            width={13}
          />
        </a>
        <a
          className=" css-1gmbmq9-StyledLink e1xhgpyy3"
          href="/changelog"
          onClick={[Function]}
          onMouseEnter={[Function]}
        >
          <span
            className="text"
          >
            Changelog
          </span>
        </a>
        <div
          className="css-zhv85h-SelectWrapper e1xhgpyy2"
        >
          <div
            className=" css-k377xg-container"
            onKeyDown={[Function]}
          >
            <div
              className=" css-1xxipdn-control"
              onMouseDown={[Function]}
              onTouchEnd={[Function]}
            >
              <div
                className=" css-86rg1c-ValueContainer"
              >
                <div
                  className=" css-1me8bqy-singleValue"
                >
                  
                </div>
                <input
                  aria-autocomplete="list"
                  className="css-62g3xt-dummyInput"
                  disabled={false}
                  id="react-select-2-input"
                  onBlur={[Function]}
                  onChange={[Function]}
                  onFocus={[Function]}
                  readOnly={true}
                  tabIndex="0"
                  value=""
                />
              </div>
              <div
                className=" css-1hb7zxy-IndicatorsContainer"
              >
                <span
                  className=" css-43ykx9-indicatorSeparator"
                />
                <div
                  aria-hidden="true"
                  className=" css-unjupu-indicatorContainer"
                  onMouseDown={[Function]}
                  onTouchEnd={[Function]}
                >
                  <img
                    alt=""
                    className=" css-vfym8x-StyledDefaultDropdownIcon e1oqaitj0"
                    src="test-image-stub"
                  />
                </div>
              </div>
            </div>
          </div>
        </div>
        <div
          className="css-1px9jcr-ButtonWrapper e1xhgpyy1"
        >
          <button
            className="primary standard css-1eto6r1-ButtonStyle e12ysvgk0"
            type="button"
          >
            Get API Keys
          </button>
        </div>
      </div>
    </div>
    <div
      className="css-1uiuud6-ContentArea eu5n9bq4"
    >
      <div
        className="css-hr4r9m-ContentWrapper eu5n9bq7"
      >
        <div>
          page
        </div>
      </div>
      <div
        className="css-f0jn62-OnThisPageWrapper eu5n9bq6"
      />
    </div>
    <div
      className="css-cdxnl8-FooterWrapper eu5n9bq8"
    >
      <div
        className="css-e2rgnw-Container en8mxva0"
      >
        <div
          className="css-872axt-Group en8mxva1"
        >
          <h3
            className="css-p408ob-Heading en8mxva2"
          >
            Discover
          </h3>
          <ul
            className="css-499foe-List en8mxva3"
          >
            <li
              className="css-52hjeb-Item en8mxva4"
            >
              <a
                className="css-irwgy-ListLink en8mxva5"
                href="#discover-send"
              >
                Send
              </a>
            </li>
            <li
              className="css-52hjeb-Item en8mxva4"
            >
              <a
                className="css-irwgy-ListLink en8mxva5"
                href="#discover-receive"
              >
                Receive
              </a>
            </li>
            <li
              className="css-52hjeb-Item en8mxva4"
            >
              <a
                className="css-irwgy-ListLink en8mxva5"
                href="#discover-send-receive"
              >
                Send & Receive
              </a>
            </li>
            <li
              className="css-52hjeb-Item en8mxva4"
            >
              <a
                className="css-irwgy-ListLink en8mxva5"
                href="#facilitate"
              >
                Facilitate
              </a>
            </li>
            <li
              className="css-52hjeb-Item en8mxva4"
            >
              <a
                className="css-irwgy-ListLink en8mxva5"
                href="#me-to-me"
              >
                Me to Me
              </a>
            </li>
          </ul>
        </div>
        <div
          className="css-872axt-Group en8mxva1"
        >
          <h3
            className="css-p408ob-Heading en8mxva2"
          >
            Concepts
          </h3>
          <ul
            className="css-499foe-List en8mxva3"
          >
            <li
              className="css-52hjeb-Item en8mxva4"
            >
              <a
                className="css-irwgy-ListLink en8mxva5"
                href="#concepts-basics"
              >
                Basics
              </a>
            </li>
            <li
              className="css-52hjeb-Item en8mxva4"
            >
              <a
                className="css-irwgy-ListLink en8mxva5"
                href="#concepts-essentials"
              >
                Essentials
              </a>
            </li>
            <li
              className="css-52hjeb-Item en8mxva4"
            >
              <a
                className="css-irwgy-ListLink en8mxva5"
                href="#concepts-integrations"
              >
                Integrations
              </a>
            </li>
          </ul>
        </div>
        <div
          className="css-872axt-Group en8mxva1"
        >
          <h3
            className="css-p408ob-Heading en8mxva2"
          >
            Guides
          </h3>
          <ul
            className="css-499foe-List en8mxva3"
          >
            <li
              className="css-52hjeb-Item en8mxva4"
            >
              <a
                className="css-irwgy-ListLink en8mxva5"
                href="#guides-prerequisites"
              >
                Prerequisites
              </a>
            </li>
            <li
              className="css-52hjeb-Item en8mxva4"
            >
              <a
                className="css-irwgy-ListLink en8mxva5"
                href="#guides-get-building"
              >
                Get Building
              </a>
            </li>
            <li
              className="css-52hjeb-Item en8mxva4"
            >
              <a
                className="css-irwgy-ListLink en8mxva5"
                href="#features"
              >
                Features
              </a>
            </li>
          </ul>
        </div>
        <div
          className="css-872axt-Group en8mxva1"
        >
          <h3
            className="css-p408ob-Heading en8mxva2"
          >
            API Reference
          </h3>
          <ul
            className="css-499foe-List en8mxva3"
          >
            <li
              className="css-52hjeb-Item en8mxva4"
            >
              <a
                className="css-irwgy-ListLink en8mxva5"
                href="#api-reference-documentation"
              >
                Documentation
              </a>
            </li>
            <li
              className="css-52hjeb-Item en8mxva4"
            >
              <a
                className="css-irwgy-ListLink en8mxva5"
                href="api-reference-sdk-support"
              >
                SDK Support
              </a>
            </li>
            <li
              className="css-52hjeb-Item en8mxva4"
            >
              <a
                className="css-irwgy-ListLink en8mxva5"
                href="#api-reference-what-it-do"
              >
                What does the Dwolla API do?
              </a>
            </li>
          </ul>
        </div>
        <div
          className="css-872axt-Group en8mxva1"
        >
          <h3
            className="css-p408ob-Heading en8mxva2"
          >
            Tools and SDKs
          </h3>
          <ul
            className="css-499foe-List en8mxva3"
          >
            <li
              className="css-52hjeb-Item en8mxva4"
            >
              <a
                className="css-irwgy-ListLink en8mxva5"
                href="#tools-and-sdks-ruby"
              >
                Ruby
              </a>
            </li>
            <li
              className="css-52hjeb-Item en8mxva4"
            >
              <a
                className="css-irwgy-ListLink en8mxva5"
                href="#tools-and-sdks-python"
              >
                Python
              </a>
            </li>
            <li
              className="css-52hjeb-Item en8mxva4"
            >
              <a
                className="css-irwgy-ListLink en8mxva5"
                href="#tools-and-sdks-php"
              >
                PHP
              </a>
            </li>
            <li
              className="css-52hjeb-Item en8mxva4"
            >
              <a
                className="css-irwgy-ListLink en8mxva5"
                href="#tools-and-sdks-csharp"
              >
                C#
              </a>
            </li>
            <li
              className="css-52hjeb-Item en8mxva4"
            >
              <a
                className="css-irwgy-ListLink en8mxva5"
                href="#tools-and-sdks-java"
              >
                Java
              </a>
            </li>
            <li
              className="css-52hjeb-Item en8mxva4"
            >
              <a
                className="css-irwgy-ListLink en8mxva5"
                href="#tools-and-sdks-javascript"
              >
                JavaScript
              </a>
            </li>
          </ul>
        </div>
      </div>
    </div>
  </div>,
]
`;
