// Jest Snapshot v1, https://goo.gl/fbAQLP

exports[`OnThisPage 1`] = `
Array [
  <h1
    id="hello-1"
    originalType="h1"
  >
    Hello 1
  </h1>,
  <h1
    id="hello-2"
    originalType="h1"
  >
    Hello 2
  </h1>,
  <h1
    id="hello-3"
    originalType="h1"
  >
    Hello 3
  </h1>,
  <h1
    id="hello-4"
    originalType="h1"
  >
    Hello 4
  </h1>,
  <div
    className="css-3xynp2-Container e12irmr20"
  >
    <div
      className="css-1106oo1-Heading e12irmr21"
    >
      ON THIS PAGE
    </div>
    <div
      className="css-9anku6-PageTop e12irmr22"
      onClick={[Function]}
    >
      Top of Page
    </div>
  </div>,
]
`;
