// Jest Snapshot v1, https://goo.gl/fbAQLP

exports[`with anchors 1`] = `
Array [
  <h1
    id="hello-1"
    originalType="h1"
  >
    Hello 1
  </h1>,
  <h2
    id="hello-2"
    originalType="h2"
  >
    Hello 2
  </h2>,
  <h3
    id="hello-3"
    originalType="h3"
  >
    Hello 3
  </h3>,
  <h4
    id="hello-4"
    originalType="h4"
  >
    Hello 4
  </h4>,
]
`;

exports[`without anchors 1`] = `
<div>
  hello
</div>
`;
