// Jest Snapshot v1, https://goo.gl/fbAQLP

exports[`SideNav 1`] = `
<div
  className="css-qvalgq-Container e10mac9s0"
>
  <div
    className=" css-vt0ald-Slide e10mac9s1"
  >
    <div
      className="css-1p7u3h5-SlidePane e10mac9s2"
    >
      <div
        className="css-kgvw59-SectionWrap e10mac9s3"
      >
        <a
          className="active css-kyteuo-SectionLink-SectionLink"
          href="/"
          onClick={[Function]}
          onMouseEnter={[Function]}
        >
          <div
            className="css-thlorg-SectionIconWrap e10mac9s5"
          >
            <svg
              className="section-icon"
              height={17}
              width={17}
            />
          </div>
          Home
        </a>
        <a
          className=" css-kyteuo-SectionLink-SectionLink"
          href="/guides"
          onClick={[Function]}
          onMouseEnter={[Function]}
        >
          <div
            className="css-thlorg-SectionIconWrap e10mac9s5"
          >
            <svg
              className="section-icon"
              height={17}
              width={17}
            />
          </div>
          Guides
          <div
            className="css-y8ea5i-SectionCaretWrap e10mac9s6"
          >
            <svg
              height={10}
              width={5}
            />
          </div>
        </a>
        <a
          className=" css-kyteuo-SectionLink-SectionLink"
          href="/concepts"
          onClick={[Function]}
          onMouseEnter={[Function]}
        >
          <div
            className="css-thlorg-SectionIconWrap e10mac9s5"
          >
            <svg
              className="section-icon"
              height={17}
              width={17}
            />
          </div>
          Concepts
          <div
            className="css-y8ea5i-SectionCaretWrap e10mac9s6"
          >
            <svg
              height={10}
              width={5}
            />
          </div>
        </a>
        <a
          className=" css-kyteuo-SectionLink-SectionLink"
          href="/sdks-tools"
          onClick={[Function]}
          onMouseEnter={[Function]}
        >
          <div
            className="css-thlorg-SectionIconWrap e10mac9s5"
          >
            <svg
              className="section-icon"
              height={17}
              width={17}
            />
          </div>
          SDKs & Tools
        </a>
      </div>
      <div
        className=" css-1lx8d8l-MobileWrap e10mac9s12"
      >
        <a
          className=" css-1twa2js-MobileLink-MobileLink"
          href="https://docs.dwolla.com"
          onClick={[Function]}
          onMouseEnter={[Function]}
          target="_blank"
        >
          <span
            className="text"
          >
            API Docs
          </span>
          <img
            alt="Open in new tab"
            className="icon"
            src="test-image-stub"
          />
        </a>
        <a
          className=" css-1twa2js-MobileLink-MobileLink"
          href="/changelog"
          onClick={[Function]}
          onMouseEnter={[Function]}
        >
          <span
            className="text"
          >
            Changelog
          </span>
        </a>
        <div
          className="css-vogkcz-MobileButtonWrap e10mac9s13"
        >
          <a
            className="primary block css-fczp14-StyledLink-buttonStyles-buttonStyles e12ysvgk1"
            href="https://accounts-sandbox.dwolla.com/login"
            onClick={[Function]}
            onMouseEnter={[Function]}
            target="_blank"
          >
            Get API Keys
          </a>
        </div>
      </div>
    </div>
    <div
      className="css-1p7u3h5-SlidePane e10mac9s2"
      id="body-scroll-lock-side-nav"
    />
  </div>
</div>
`;
