// Jest Snapshot v1, https://goo.gl/fbAQLP

exports[`SideNav 1`] = `
<div
  className="css-1gqrwdk-Container e10mac9s0"
>
  <div
    className=" css-1f0sx94-Slide e10mac9s1"
  >
    <div
      className="css-p3a8sa-SlidePane e10mac9s2"
    >
      <div
        className="css-1klu905-SectionLinksWrapper e10mac9s9"
      >
        <a
          className="css-3bamg-SectionLink-SectionLink"
          href="/"
          onClick={[Function]}
          onMouseEnter={[Function]}
        >
          <div>
            <img
              alt="Home"
              className="css-1nhdjhw-StyledIcon e10mac9s8"
              src="test-image-stub"
            />
          </div>
          Home
        </a>
        <a
          className="css-3bamg-SectionLink-SectionLink"
          href="/docs/guides"
          onClick={[Function]}
          onMouseEnter={[Function]}
        >
          <div>
            <img
              alt="Guides"
              className="css-1nhdjhw-StyledIcon e10mac9s8"
              src="test-image-stub"
            />
          </div>
          Guides
        </a>
        <a
          className="css-3bamg-SectionLink-SectionLink"
          href="/docs/concepts"
          onClick={[Function]}
          onMouseEnter={[Function]}
        >
          <div>
            <img
              alt="Concepts"
              className="css-1nhdjhw-StyledIcon e10mac9s8"
              src="test-image-stub"
            />
          </div>
          Concepts
        </a>
        <a
          className="css-3bamg-SectionLink-SectionLink"
          href="/sdks-tools"
          onClick={[Function]}
          onMouseEnter={[Function]}
        >
          <div>
            <img
              alt="SDKs & Tools"
              className="css-1nhdjhw-StyledIcon e10mac9s8"
              src="test-image-stub"
            />
          </div>
          SDKs & Tools
        </a>
      </div>
    </div>
    <div
      className="css-p3a8sa-SlidePane e10mac9s2"
    >
      <div
        className="css-mhn8j-StickyTop e10mac9s3"
      >
        <div
          className="css-1klu905-SectionLinksWrapper e10mac9s9"
        >
          <a
            className="css-3bamg-SectionLink-SectionLink"
            href="/"
            onClick={[Function]}
            onMouseEnter={[Function]}
          >
            <div>
              <img
                alt="Back Home"
                className="css-1nhdjhw-StyledIcon e10mac9s8"
                src="test-image-stub"
              />
            </div>
            Back Home
          </a>
        </div>
      </div>
      <ul
        className="css-1ekxq2g-CategoriesNav e10mac9s4"
      />
    </div>
  </div>
</div>
`;
