// Jest Snapshot v1, https://goo.gl/fbAQLP

exports[`AlertBar - announcement 1`] = `null`;

exports[`AlertBar - info 1`] = `
<div
  className="info css-3wqs3s-StyledAlertBar e1qi2q2u3"
>
  <div
    className="css-12td5vw-ImageWrapper e1qi2q2u2"
  >
    <img
      alt="info"
      src="test-image-stub"
    />
  </div>
  <div
    className="css-by2jis-TextWrapper e1qi2q2u1"
  >
    Here is an info. The file must be either a .jpg, .jpeg, .png, or .pdf. Files must be no larger than 10MB in size.
  </div>
</div>
`;

exports[`AlertBar - warning 1`] = `null`;
