// Jest Snapshot v1, https://goo.gl/fbAQLP

exports[`Button 1`] = `
<button
  className="primary standard  css-jn0a30-StyledButton-buttonStyles-buttonStyles ek3ainu1"
  type="button"
>
  Button
</button>
`;

exports[`Link Button 1`] = `
<a
  className="primary standard  css-ux75yb-StyledLink-buttonStyles-buttonStyles ek3ainu0"
  href="https://www.dwolla.com"
  target="_blank"
>
  Button
</a>
`;
