// Jest Snapshot v1, https://goo.gl/fbAQLP

exports[`CardGrid 1`] = `
<div
  className="css-6hqskf-StyledGrid e1rcoxlj1"
>
  <div
    className="css-191vh89-CardWrapper e1rcoxlj0"
  >
    <div
      className=" css-zpgsmt-CardStyle ejy78ug8"
    >
      <div
        className=" css-q68ihe-StyledIcon ejy78ug7"
      >
        <img
          alt=""
          src="test-image-stub"
        />
      </div>
      <div
        className="hasIcon css-3l2k0j-TopicStyle ejy78ug2"
      >
        This is the Topic
      </div>
      <div
        className=" css-1slm2rv-DescriptionStyle ejy78ug1"
      >
        An existing unverified bank can be verified with microdeposits. Send two small debits and have your Customer verify the amounts.
      </div>
    </div>
  </div>
  <div
    className="css-191vh89-CardWrapper e1rcoxlj0"
  >
    <div
      className=" css-zpgsmt-CardStyle ejy78ug8"
    >
      <div
        className=" css-q68ihe-StyledIcon ejy78ug7"
      >
        <img
          alt=""
          src="test-image-stub"
        />
      </div>
      <div
        className="hasIcon css-3l2k0j-TopicStyle ejy78ug2"
      >
        This is the Topic
      </div>
      <div
        className=" css-1slm2rv-DescriptionStyle ejy78ug1"
      >
        An existing unverified bank can be verified with microdeposits. Send two small debits and have your Customer verify the amounts.
      </div>
    </div>
  </div>
  <div
    className="css-191vh89-CardWrapper e1rcoxlj0"
  >
    <div
      className=" css-zpgsmt-CardStyle ejy78ug8"
    >
      <div
        className=" css-q68ihe-StyledIcon ejy78ug7"
      >
        <img
          alt=""
          src="test-image-stub"
        />
      </div>
      <div
        className="hasIcon css-3l2k0j-TopicStyle ejy78ug2"
      >
        This is the Topic
      </div>
      <div
        className=" css-1slm2rv-DescriptionStyle ejy78ug1"
      >
        An existing unverified bank can be verified with microdeposits. Send two small debits and have your Customer verify the amounts.
      </div>
    </div>
  </div>
  <div
    className="css-191vh89-CardWrapper e1rcoxlj0"
  >
    <div
      className=" css-zpgsmt-CardStyle ejy78ug8"
    >
      <div
        className=" css-q68ihe-StyledIcon ejy78ug7"
      >
        <img
          alt=""
          src="test-image-stub"
        />
      </div>
      <div
        className="hasIcon css-3l2k0j-TopicStyle ejy78ug2"
      >
        This is the Topic
      </div>
      <div
        className=" css-1slm2rv-DescriptionStyle ejy78ug1"
      >
        An existing unverified bank can be verified with microdeposits. Send two small debits and have your Customer verify the amounts.
      </div>
    </div>
  </div>
  <div
    className="css-191vh89-CardWrapper e1rcoxlj0"
  >
    <div
      className=" css-zpgsmt-CardStyle ejy78ug8"
    >
      <div
        className=" css-q68ihe-StyledIcon ejy78ug7"
      >
        <img
          alt=""
          src="test-image-stub"
        />
      </div>
      <div
        className="hasIcon css-3l2k0j-TopicStyle ejy78ug2"
      >
        This is the Topic
      </div>
      <div
        className=" css-1slm2rv-DescriptionStyle ejy78ug1"
      >
        An existing unverified bank can be verified with microdeposits. Send two small debits and have your Customer verify the amounts.
      </div>
    </div>
  </div>
  <div
    className="css-191vh89-CardWrapper e1rcoxlj0"
  >
    <div
      className=" css-zpgsmt-CardStyle ejy78ug8"
    >
      <div
        className=" css-q68ihe-StyledIcon ejy78ug7"
      >
        <img
          alt=""
          src="test-image-stub"
        />
      </div>
      <div
        className="hasIcon css-3l2k0j-TopicStyle ejy78ug2"
      >
        This is the Topic
      </div>
      <div
        className=" css-1slm2rv-DescriptionStyle ejy78ug1"
      >
        An existing unverified bank can be verified with microdeposits. Send two small debits and have your Customer verify the amounts.
      </div>
    </div>
  </div>
  <div
    className="css-191vh89-CardWrapper e1rcoxlj0"
  >
    <div
      className=" css-zpgsmt-CardStyle ejy78ug8"
    >
      <div
        className=" css-q68ihe-StyledIcon ejy78ug7"
      >
        <img
          alt=""
          src="test-image-stub"
        />
      </div>
      <div
        className="hasIcon css-3l2k0j-TopicStyle ejy78ug2"
      >
        This is the Topic
      </div>
      <div
        className=" css-1slm2rv-DescriptionStyle ejy78ug1"
      >
        An existing unverified bank can be verified with microdeposits. Send two small debits and have your Customer verify the amounts.
      </div>
    </div>
  </div>
  <div
    className="css-191vh89-CardWrapper e1rcoxlj0"
  >
    <div
      className=" css-zpgsmt-CardStyle ejy78ug8"
    >
      <div
        className=" css-q68ihe-StyledIcon ejy78ug7"
      >
        <img
          alt=""
          src="test-image-stub"
        />
      </div>
      <div
        className="hasIcon css-3l2k0j-TopicStyle ejy78ug2"
      >
        This is the Topic
      </div>
      <div
        className=" css-1slm2rv-DescriptionStyle ejy78ug1"
      >
        An existing unverified bank can be verified with microdeposits. Send two small debits and have your Customer verify the amounts.
      </div>
    </div>
  </div>
</div>
`;
