// Jest Snapshot v1, https://goo.gl/fbAQLP

exports[`CardGrid 1`] = `
<div
  className="css-6hqskf-StyledGrid e1rcoxlj1"
>
  <div
    className="css-17j21yk-CardWrapper e1rcoxlj0"
  >
    <div
      className=" css-dgsc3e-CardStyle ejy78ug8"
    >
      <img
        alt=""
        className=" css-142sfdf-StyledIcon ejy78ug6"
        src="test-image-stub"
      />
      <div
        className="hasIcon css-2bmr44-TopicStyle ejy78ug1"
      >
        This is the Topic
      </div>
      <div
        className=" css-mk6kj1-DescriptionStyle ejy78ug0"
      >
        An existing unverified bank can be verified with microdeposits. Send two small debits and have your Customer verify the amounts.
      </div>
    </div>
  </div>
  <div
    className="css-17j21yk-CardWrapper e1rcoxlj0"
  >
    <div
      className=" css-dgsc3e-CardStyle ejy78ug8"
    >
      <img
        alt=""
        className=" css-142sfdf-StyledIcon ejy78ug6"
        src="test-image-stub"
      />
      <div
        className="hasIcon css-2bmr44-TopicStyle ejy78ug1"
      >
        This is the Topic
      </div>
      <div
        className=" css-mk6kj1-DescriptionStyle ejy78ug0"
      >
        An existing unverified bank can be verified with microdeposits. Send two small debits and have your Customer verify the amounts.
      </div>
    </div>
  </div>
  <div
    className="css-17j21yk-CardWrapper e1rcoxlj0"
  >
    <div
      className=" css-dgsc3e-CardStyle ejy78ug8"
    >
      <img
        alt=""
        className=" css-142sfdf-StyledIcon ejy78ug6"
        src="test-image-stub"
      />
      <div
        className="hasIcon css-2bmr44-TopicStyle ejy78ug1"
      >
        This is the Topic
      </div>
      <div
        className=" css-mk6kj1-DescriptionStyle ejy78ug0"
      >
        An existing unverified bank can be verified with microdeposits. Send two small debits and have your Customer verify the amounts.
      </div>
    </div>
  </div>
  <div
    className="css-17j21yk-CardWrapper e1rcoxlj0"
  >
    <div
      className=" css-dgsc3e-CardStyle ejy78ug8"
    >
      <img
        alt=""
        className=" css-142sfdf-StyledIcon ejy78ug6"
        src="test-image-stub"
      />
      <div
        className="hasIcon css-2bmr44-TopicStyle ejy78ug1"
      >
        This is the Topic
      </div>
      <div
        className=" css-mk6kj1-DescriptionStyle ejy78ug0"
      >
        An existing unverified bank can be verified with microdeposits. Send two small debits and have your Customer verify the amounts.
      </div>
    </div>
  </div>
  <div
    className="css-17j21yk-CardWrapper e1rcoxlj0"
  >
    <div
      className=" css-dgsc3e-CardStyle ejy78ug8"
    >
      <img
        alt=""
        className=" css-142sfdf-StyledIcon ejy78ug6"
        src="test-image-stub"
      />
      <div
        className="hasIcon css-2bmr44-TopicStyle ejy78ug1"
      >
        This is the Topic
      </div>
      <div
        className=" css-mk6kj1-DescriptionStyle ejy78ug0"
      >
        An existing unverified bank can be verified with microdeposits. Send two small debits and have your Customer verify the amounts.
      </div>
    </div>
  </div>
  <div
    className="css-17j21yk-CardWrapper e1rcoxlj0"
  >
    <div
      className=" css-dgsc3e-CardStyle ejy78ug8"
    >
      <img
        alt=""
        className=" css-142sfdf-StyledIcon ejy78ug6"
        src="test-image-stub"
      />
      <div
        className="hasIcon css-2bmr44-TopicStyle ejy78ug1"
      >
        This is the Topic
      </div>
      <div
        className=" css-mk6kj1-DescriptionStyle ejy78ug0"
      >
        An existing unverified bank can be verified with microdeposits. Send two small debits and have your Customer verify the amounts.
      </div>
    </div>
  </div>
  <div
    className="css-17j21yk-CardWrapper e1rcoxlj0"
  >
    <div
      className=" css-dgsc3e-CardStyle ejy78ug8"
    >
      <img
        alt=""
        className=" css-142sfdf-StyledIcon ejy78ug6"
        src="test-image-stub"
      />
      <div
        className="hasIcon css-2bmr44-TopicStyle ejy78ug1"
      >
        This is the Topic
      </div>
      <div
        className=" css-mk6kj1-DescriptionStyle ejy78ug0"
      >
        An existing unverified bank can be verified with microdeposits. Send two small debits and have your Customer verify the amounts.
      </div>
    </div>
  </div>
  <div
    className="css-17j21yk-CardWrapper e1rcoxlj0"
  >
    <div
      className=" css-dgsc3e-CardStyle ejy78ug8"
    >
      <img
        alt=""
        className=" css-142sfdf-StyledIcon ejy78ug6"
        src="test-image-stub"
      />
      <div
        className="hasIcon css-2bmr44-TopicStyle ejy78ug1"
      >
        This is the Topic
      </div>
      <div
        className=" css-mk6kj1-DescriptionStyle ejy78ug0"
      >
        An existing unverified bank can be verified with microdeposits. Send two small debits and have your Customer verify the amounts.
      </div>
    </div>
  </div>
</div>
`;
