// Jest Snapshot v1, https://goo.gl/fbAQLP

exports[`FooterCTA 1`] = `
<div
  className="css-10ga4qc-Container ef88zln2"
>
  <div
    className="css-zgjtpw-StyledTopic ef88zln1"
  >
    Test in the Sandbox for free today.
  </div>
  <div
    className="css-1ga6xlp-StyledDescription ef88zln0"
  >
    Use sandbox environment to test API requests.
  </div>
  <a
    className="MuiButtonBase-root MuiButton-root MuiButton-contained MuiButton-containedSecondary MuiButton-sizeLarge MuiButton-containedSizeLarge MuiButton-root MuiButton-contained MuiButton-containedSecondary MuiButton-sizeLarge MuiButton-containedSizeLarge css-1xnmwiw-MuiButtonBase-root-MuiButton-root"
    href="https://accounts-sandbox.dwolla.com/sign-up"
    onBlur={[Function]}
    onContextMenu={[Function]}
    onDragLeave={[Function]}
    onFocus={[Function]}
    onKeyDown={[Function]}
    onKeyUp={[Function]}
    onMouseDown={[Function]}
    onMouseLeave={[Function]}
    onMouseUp={[Function]}
    onTouchEnd={[Function]}
    onTouchMove={[Function]}
    onTouchStart={[Function]}
    tabIndex={0}
  >
    Get API Keys
  </a>
</div>
`;
