// Jest Snapshot v1, https://goo.gl/fbAQLP

exports[`FooterCTA 1`] = `
<div
  className="css-1a9nbxj-Container ef88zln0"
>
  <div
    className="css-16d8gvv-StyledContent ef88zln1"
  >
    <h2
      className="dark css-4xgrt3-global-global-h2"
    >
      Test in the Sandbox for free today.
    </h2>
    <p
      className="dark css-1wj8y7l-StyledSubHeader-baseTextStyles-baseTextStyles epw4f0b1"
    >
      Use sandbox environment to test API requests.
    </p>
  </div>
  <a
    className="primary large  css-1hcx8qk-StyledLink-buttonStyles-buttonStyles ek3ainu1"
    href="https://accounts-sandbox.dwolla.com/sign-up"
    target="_blank"
  >
    Get API Keys
  </a>
</div>
`;
