// Jest Snapshot v1, https://goo.gl/fbAQLP

exports[`Inline CTA 1`] = `
<a
  className="css-2om2dx-StyledLink e4d1mpi4"
  href="https://developers.dwolla.com/guides/personal-verified-customer"
  onClick={[Function]}
  onMouseEnter={[Function]}
>
  <div
    className="css-l9xmrb-Container e4d1mpi3"
  >
    <img
      alt=""
      className="css-15p1syb-StyledIcon e4d1mpi2"
      src="test-image-stub"
    />
    <div
      className="css-cj8isa-TextStyle e4d1mpi1"
    >
      For more information on creating a Verified Personal Customer, reference our step by step guide.
    </div>
    <div
      className="css-1qk15us-ArrowStyle e4d1mpi0"
    >
      <svg
        width={13}
      />
    </div>
  </div>
</a>
`;
