// Jest Snapshot v1, https://goo.gl/fbAQLP

exports[`NumberedPagination 1`] = `
<div
  className="css-1rhsvcm-StyledContainer eapsrr04"
>
  <div
    className="css-1penlaa-StyledArrowDiv eapsrr03"
  >
    <img
      alt="Newer"
      className="css-11q9lja-ArrowIcon eapsrr02"
      src="test-image-stub"
    />
    Newer
  </div>
  <ul
    className="css-1p8mcs9-StyledUL eapsrr01"
  >
    <a
      className="css-3rry13-StyledPageLink eapsrr00"
      href="#"
    >
      1
    </a>
    <a
      className="css-3rry13-StyledPageLink eapsrr00"
      href="#"
    >
      2
    </a>
    <a
      className="css-3rry13-StyledPageLink eapsrr00"
      href="#"
    >
      3
    </a>
    <a
      className="css-3rry13-StyledPageLink eapsrr00"
      href="#"
    >
      4
    </a>
    <a
      className="css-3rry13-StyledPageLink eapsrr00"
      href="#"
    >
      5
    </a>
    <a
      className="css-3rry13-StyledPageLink eapsrr00"
      href="#"
    >
      6
    </a>
    <a
      className="css-3rry13-StyledPageLink eapsrr00"
      href="#"
    >
      7
    </a>
    <a
      className="css-3rry13-StyledPageLink eapsrr00"
      href="#"
    >
      8
    </a>
    <a
      className="css-3rry13-StyledPageLink eapsrr00"
      href="#"
    >
      9
    </a>
  </ul>
  <div
    className="css-1penlaa-StyledArrowDiv eapsrr03"
  >
    Older
    <img
      alt="Older"
      className="css-11q9lja-ArrowIcon eapsrr02"
      src="test-image-stub"
      style={
        Object {
          "transform": "rotate(180deg)",
        }
      }
    />
  </div>
</div>
`;
