// Jest Snapshot v1, https://goo.gl/fbAQLP

exports[`TabBarPanel 1`] = `
<div
  className="container"
  data-rttabs={true}
  onClick={[Function]}
  onKeyDown={[Function]}
>
  <ul
    className="tab-list"
    role="tablist"
  >
    <li
      aria-controls="panel:r0:0"
      aria-disabled="false"
      aria-selected="true"
      className="tab is-active react-tabs__tab--selected"
      data-rttab={true}
      id="tab:r0:0"
      onMouseEnter={[Function]}
      onMouseLeave={[Function]}
      role="tab"
      tabIndex="0"
    >
      <img
        alt="node"
        className="css-5azcbb-StyledIcon e1j2h87w1"
        src="test-image-stub"
      />
    </li>
    <li
      aria-controls="panel:r0:1"
      aria-disabled="false"
      aria-selected="false"
      className="tab"
      data-rttab={true}
      id="tab:r0:1"
      onMouseEnter={[Function]}
      onMouseLeave={[Function]}
      role="tab"
      tabIndex={null}
    >
      <img
        alt="ruby"
        className="css-5azcbb-StyledIcon e1j2h87w1"
        src="test-image-stub"
      />
    </li>
    <li
      aria-controls="panel:r0:2"
      aria-disabled="false"
      aria-selected="false"
      className="tab"
      data-rttab={true}
      id="tab:r0:2"
      onMouseEnter={[Function]}
      onMouseLeave={[Function]}
      role="tab"
      tabIndex={null}
    >
      <img
        alt="python"
        className="css-5azcbb-StyledIcon e1j2h87w1"
        src="test-image-stub"
      />
    </li>
    <li
      aria-controls="panel:r0:3"
      aria-disabled="false"
      aria-selected="false"
      className="tab"
      data-rttab={true}
      id="tab:r0:3"
      onMouseEnter={[Function]}
      onMouseLeave={[Function]}
      role="tab"
      tabIndex={null}
    >
      <img
        alt="php"
        className="css-5azcbb-StyledIcon e1j2h87w1"
        src="test-image-stub"
      />
    </li>
    <li
      aria-controls="panel:r0:4"
      aria-disabled="false"
      aria-selected="false"
      className="tab"
      data-rttab={true}
      id="tab:r0:4"
      onMouseEnter={[Function]}
      onMouseLeave={[Function]}
      role="tab"
      tabIndex={null}
    >
      <img
        alt="c-sharp"
        className="css-5azcbb-StyledIcon e1j2h87w1"
        src="test-image-stub"
      />
    </li>
    <li
      aria-controls="panel:r0:5"
      aria-disabled="false"
      aria-selected="false"
      className="tab"
      data-rttab={true}
      id="tab:r0:5"
      onMouseEnter={[Function]}
      onMouseLeave={[Function]}
      role="tab"
      tabIndex={null}
    >
      <img
        alt="kotlin"
        className="css-5azcbb-StyledIcon e1j2h87w1"
        src="test-image-stub"
      />
    </li>
  </ul>
  <div
    aria-labelledby="tab:r0:0"
    className="react-tabs__tab-panel react-tabs__tab-panel--selected"
    id="panel:r0:0"
    role="tabpanel"
  >
    <div
      className="css-2vq36g-ContentContainer e1j2h87w0"
    >
      Here's some content related to Node.
    </div>
  </div>
  <div
    aria-labelledby="tab:r0:1"
    className="react-tabs__tab-panel"
    id="panel:r0:1"
    role="tabpanel"
  />
  <div
    aria-labelledby="tab:r0:2"
    className="react-tabs__tab-panel"
    id="panel:r0:2"
    role="tabpanel"
  />
  <div
    aria-labelledby="tab:r0:3"
    className="react-tabs__tab-panel"
    id="panel:r0:3"
    role="tabpanel"
  />
  <div
    aria-labelledby="tab:r0:4"
    className="react-tabs__tab-panel"
    id="panel:r0:4"
    role="tabpanel"
  />
  <div
    aria-labelledby="tab:r0:5"
    className="react-tabs__tab-panel"
    id="panel:r0:5"
    role="tabpanel"
  />
</div>
`;
