// Jest Snapshot v1, https://goo.gl/fbAQLP

exports[`Table 1`] = `
<table
  className="css-8bi4x2-StyledTable e1rel8440"
>
  <tr>
    <th>
      Parameter
    </th>
    <th>
      Required?
    </th>
    <th>
      Type
    </th>
    <th>
      Description
    </th>
  </tr>
  <tr>
    <td>
      firstName
    </td>
    <td>
      yes
    </td>
    <td>
      string
    </td>
    <td>
      Customer's first name
    </td>
  </tr>
  <tr>
    <td>
      lastName
    </td>
    <td>
      yes
    </td>
    <td>
      string
    </td>
    <td>
      Customer's last name
    </td>
  </tr>
  <tr>
    <td>
      email
    </td>
    <td>
      yes
    </td>
    <td>
      string
    </td>
    <td>
      Customer's last name
    </td>
  </tr>
  <tr>
    <td>
      type
    </td>
    <td>
      yes
    </td>
    <td>
      string
    </td>
    <td>
      Value of 
      <code
        className=" css-wuyv6i-codeStyles-codeStyles"
      >
        receive-only
      </code>
    </td>
  </tr>
  <tr>
    <td>
      businessName
    </td>
    <td>
      yes
    </td>
    <td>
      string
    </td>
    <td>
      Customer's registered business name
    </td>
  </tr>
  <tr>
    <td>
      ipAddress
    </td>
    <td>
      yes
    </td>
    <td>
      string
    </td>
    <td>
      Customer's IP address
    </td>
  </tr>
</table>
`;
