// Jest Snapshot v1, https://goo.gl/fbAQLP

exports[`TransferWorkflow 1`] = `
<div
  className="css-1bvvi3d-StyledContainer evg26n46"
>
  <div
    className="css-vrkopy-StyledTimelineContainer evg26n45"
  >
    <div
      className="css-urymb5-StyledHeader evg26n44"
    >
      Select a funds flow
    </div>
  </div>
  <div
    className="css-1pis8ym-StyledContainer e7p8rnk2"
  >
    <div
      className="css-kpql9x-StyledTitle e7p8rnk1"
    >
      Sender:
    </div>
    <div
      className="css-17bdsbe-StyledType e7p8rnk0"
    >
      Sender Type
    </div>
    <div
      className=" css-b62m3t-container"
      onKeyDown={[Function]}
    >
      <span
        className="css-1f43avz-a11yText-A11yText"
        id="react-select-2-live-region"
      />
      <span
        aria-atomic="false"
        aria-live="polite"
        aria-relevant="additions text"
        className="css-1f43avz-a11yText-A11yText"
      />
      <div
        className=" css-1ebb7oc-control"
        onMouseDown={[Function]}
        onTouchEnd={[Function]}
      >
        <div
          className=" css-1fdsijx-ValueContainer"
        >
          <div
            className=" css-16brcdz-Placeholder"
            id="react-select-2-placeholder"
          >
            Select Sender Type
          </div>
          <div
            className=" css-117gjuv-Input"
            data-value=""
          >
            <input
              aria-autocomplete="list"
              aria-describedby="react-select-2-placeholder"
              aria-expanded={false}
              aria-haspopup={true}
              autoCapitalize="none"
              autoComplete="off"
              autoCorrect="off"
              className=""
              disabled={false}
              id="react-select-2-input"
              onBlur={[Function]}
              onChange={[Function]}
              onFocus={[Function]}
              role="combobox"
              spellCheck="false"
              style={
                {
                  "background": 0,
                  "border": 0,
                  "color": "inherit",
                  "font": "inherit",
                  "gridArea": "1 / 2",
                  "label": "input",
                  "margin": 0,
                  "minWidth": "2px",
                  "opacity": 1,
                  "outline": 0,
                  "padding": 0,
                  "width": "100%",
                }
              }
              tabIndex={0}
              type="text"
              value=""
            />
          </div>
        </div>
        <div
          className=" css-1hb7zxy-IndicatorsContainer"
        >
          <span
            className=" css-1xjgjl1-IndicatorSeparator"
          />
          <div
            aria-hidden="true"
            className=" css-1xc3v61-indicatorContainer"
            onMouseDown={[Function]}
            onTouchEnd={[Function]}
          >
            <img
              alt=""
              className=" css-vfym8x-StyledDefaultDropdownIcon evf7wlc2"
              src="test-image-stub"
            />
          </div>
        </div>
      </div>
    </div>
    <div
      className="css-17bdsbe-StyledType e7p8rnk0"
    >
      Sender Source
    </div>
    <div
      className=" css-3iigni-container"
      onKeyDown={[Function]}
    >
      <span
        className="css-1f43avz-a11yText-A11yText"
        id="react-select-3-live-region"
      />
      <span
        aria-atomic="false"
        aria-live="polite"
        aria-relevant="additions text"
        className="css-1f43avz-a11yText-A11yText"
      />
      <div
        className=" css-a9v4tf-control"
        onMouseDown={[Function]}
        onTouchEnd={[Function]}
      >
        <div
          className=" css-1fdsijx-ValueContainer"
        >
          <div
            className=" css-16brcdz-Placeholder"
            id="react-select-3-placeholder"
          >
            Select Sender Source
          </div>
          <div
            className=" css-117gjuv-Input"
            data-value=""
          >
            <input
              aria-autocomplete="list"
              aria-describedby="react-select-3-placeholder"
              aria-expanded={false}
              aria-haspopup={true}
              autoCapitalize="none"
              autoComplete="off"
              autoCorrect="off"
              className=""
              disabled={true}
              id="react-select-3-input"
              onBlur={[Function]}
              onChange={[Function]}
              onFocus={[Function]}
              role="combobox"
              spellCheck="false"
              style={
                {
                  "background": 0,
                  "border": 0,
                  "color": "inherit",
                  "font": "inherit",
                  "gridArea": "1 / 2",
                  "label": "input",
                  "margin": 0,
                  "minWidth": "2px",
                  "opacity": 1,
                  "outline": 0,
                  "padding": 0,
                  "width": "100%",
                }
              }
              tabIndex={0}
              type="text"
              value=""
            />
          </div>
        </div>
        <div
          className=" css-1hb7zxy-IndicatorsContainer"
        >
          <span
            className=" css-1xjgjl1-IndicatorSeparator"
          />
          <div
            aria-hidden="true"
            className=" css-1xc3v61-indicatorContainer"
            onMouseDown={[Function]}
            onTouchEnd={[Function]}
          >
            <img
              alt=""
              className=" css-vfym8x-StyledDefaultDropdownIcon evf7wlc2"
              src="test-image-stub"
            />
          </div>
        </div>
      </div>
    </div>
    <div
      className="css-kpql9x-StyledTitle e7p8rnk1"
    >
      Receiver:
    </div>
    <div
      className="css-17bdsbe-StyledType e7p8rnk0"
    >
      Receiver Type
    </div>
    <div
      className=" css-3iigni-container"
      onKeyDown={[Function]}
    >
      <span
        className="css-1f43avz-a11yText-A11yText"
        id="react-select-4-live-region"
      />
      <span
        aria-atomic="false"
        aria-live="polite"
        aria-relevant="additions text"
        className="css-1f43avz-a11yText-A11yText"
      />
      <div
        className=" css-a9v4tf-control"
        onMouseDown={[Function]}
        onTouchEnd={[Function]}
      >
        <div
          className=" css-1fdsijx-ValueContainer"
        >
          <div
            className=" css-16brcdz-Placeholder"
            id="react-select-4-placeholder"
          >
            Select Receiver Type
          </div>
          <div
            className=" css-117gjuv-Input"
            data-value=""
          >
            <input
              aria-autocomplete="list"
              aria-describedby="react-select-4-placeholder"
              aria-expanded={false}
              aria-haspopup={true}
              autoCapitalize="none"
              autoComplete="off"
              autoCorrect="off"
              className=""
              disabled={true}
              id="react-select-4-input"
              onBlur={[Function]}
              onChange={[Function]}
              onFocus={[Function]}
              role="combobox"
              spellCheck="false"
              style={
                {
                  "background": 0,
                  "border": 0,
                  "color": "inherit",
                  "font": "inherit",
                  "gridArea": "1 / 2",
                  "label": "input",
                  "margin": 0,
                  "minWidth": "2px",
                  "opacity": 1,
                  "outline": 0,
                  "padding": 0,
                  "width": "100%",
                }
              }
              tabIndex={0}
              type="text"
              value=""
            />
          </div>
        </div>
        <div
          className=" css-1hb7zxy-IndicatorsContainer"
        >
          <span
            className=" css-1xjgjl1-IndicatorSeparator"
          />
          <div
            aria-hidden="true"
            className=" css-1xc3v61-indicatorContainer"
            onMouseDown={[Function]}
            onTouchEnd={[Function]}
          >
            <img
              alt=""
              className=" css-vfym8x-StyledDefaultDropdownIcon evf7wlc2"
              src="test-image-stub"
            />
          </div>
        </div>
      </div>
    </div>
    <div
      className="css-17bdsbe-StyledType e7p8rnk0"
    >
      Receiver Destination
    </div>
    <div
      className=" css-3iigni-container"
      onKeyDown={[Function]}
    >
      <span
        className="css-1f43avz-a11yText-A11yText"
        id="react-select-5-live-region"
      />
      <span
        aria-atomic="false"
        aria-live="polite"
        aria-relevant="additions text"
        className="css-1f43avz-a11yText-A11yText"
      />
      <div
        className=" css-a9v4tf-control"
        onMouseDown={[Function]}
        onTouchEnd={[Function]}
      >
        <div
          className=" css-1fdsijx-ValueContainer"
        >
          <div
            className=" css-16brcdz-Placeholder"
            id="react-select-5-placeholder"
          >
            Select Receiver Destination
          </div>
          <div
            className=" css-117gjuv-Input"
            data-value=""
          >
            <input
              aria-autocomplete="list"
              aria-describedby="react-select-5-placeholder"
              aria-expanded={false}
              aria-haspopup={true}
              autoCapitalize="none"
              autoComplete="off"
              autoCorrect="off"
              className=""
              disabled={true}
              id="react-select-5-input"
              onBlur={[Function]}
              onChange={[Function]}
              onFocus={[Function]}
              role="combobox"
              spellCheck="false"
              style={
                {
                  "background": 0,
                  "border": 0,
                  "color": "inherit",
                  "font": "inherit",
                  "gridArea": "1 / 2",
                  "label": "input",
                  "margin": 0,
                  "minWidth": "2px",
                  "opacity": 1,
                  "outline": 0,
                  "padding": 0,
                  "width": "100%",
                }
              }
              tabIndex={0}
              type="text"
              value=""
            />
          </div>
        </div>
        <div
          className=" css-1hb7zxy-IndicatorsContainer"
        >
          <span
            className=" css-1xjgjl1-IndicatorSeparator"
          />
          <div
            aria-hidden="true"
            className=" css-1xc3v61-indicatorContainer"
            onMouseDown={[Function]}
            onTouchEnd={[Function]}
          >
            <img
              alt=""
              className=" css-vfym8x-StyledDefaultDropdownIcon evf7wlc2"
              src="test-image-stub"
            />
          </div>
        </div>
      </div>
    </div>
  </div>
  <div
    className="css-1sz0iw5-StyledBottomContainer evg26n40"
  >
    <button
      className="primary standard disabled css-jn0a30-StyledButton-buttonStyles-buttonStyles ek3ainu1"
      disabled={true}
      onClick={[Function]}
      type="button"
    >
      Start
    </button>
  </div>
</div>
`;
