// Jest Snapshot v1, https://goo.gl/fbAQLP

exports[`H1 1`] = `
<h1
  className="dark css-dcw8ed-global-global-h1"
>
  H1 Heading
</h1>
`;

exports[`OrderedList 1`] = `
<ol
  className=" css-lqycqe-baseTextStyles-baseTextStyles-listStyles-listStyles-OrderedList-OrderedList"
>
  <li>
    Ordered list text goes here
  </li>
  <li>
    Ordered list text goes here
  </li>
  <li>
    Ordered list text goes here
  </li>
</ol>
`;
