// Jest Snapshot v1, https://goo.gl/fbAQLP

exports[`WebhookCodeBlock 1`] = `
<div
  className="webhook css-dzay3o-CollapsibleWrapper e1jgqqjc4"
  onClick={[Function]}
  onKeyDown={[Function]}
  tabIndex={0}
>
  <div
    className="Collapsible"
  >
    <span
      aria-controls="collapsible-content-1650648319688"
      aria-disabled={false}
      aria-expanded={false}
      className="Collapsible__trigger is-closed"
      id="collapsible-trigger-1650648319688"
      onClick={[Function]}
      onKeyPress={[Function]}
      role="button"
      style={null}
      tabIndex={null}
    >
      <div
        className="webhook css-1ywf0fz-StyledTrigger e1jgqqjc3"
      >
        <svg
          width={9}
        />
        <div
          className="css-91lw8d-StyledFlexDiv e1jgqqjc2"
        >
          <div>
            customer_transfer_completed
          </div>
           
          <div>
            SENDER
          </div>
        </div>
      </div>
    </span>
    <div
      aria-labelledby="collapsible-trigger-1650648319688"
      className="Collapsible__contentOuter"
      hidden={false}
      id="collapsible-content-1650648319688"
      onTransitionEnd={[Function]}
      role="region"
      style={
        Object {
          "WebkitTransition": "height 200ms linear",
          "height": 0,
          "msTransition": "height 200ms linear",
          "overflow": "hidden",
          "transition": "height 200ms linear",
        }
      }
    >
      <div
        className="Collapsible__contentInner"
      >
        <div
          className="visuallyhidden webhook css-1lrge1l-InnerContentWrapper e1jgqqjc0"
        >
          <div>
            <div
              className="code-block-bar-default title css-gg0qww-CodeBlockBar e112hlxu5"
            >
              <div
                className="css-1v0t4mu-BarTitle e112hlxu4"
              >
                WEBHOOK
              </div>
              <div
                className="css-1tafalo-BarItems e112hlxu3"
              >
                <div
                  className="css-1vovl9e-BarText e112hlxu1"
                >
                  raw
                </div>
                <button
                  className="css-1al8qxm-CodeBlockButton e112hlxu2"
                  disabled={false}
                  onClick={[Function]}
                  onKeyDown={[Function]}
                  type="button"
                >
                  copy
                   
                  <svg />
                </button>
                <button
                  autoFocus={false}
                  className="css-1al8qxm-CodeBlockButton e112hlxu2"
                  onClick={[Function]}
                  onKeyDown={[Function]}
                  type="button"
                >
                  expand 
                  <svg
                    height={16}
                    width={16}
                  />
                </button>
              </div>
            </div>
            <div
              className="code-block-default css-11rgbtc-CodeBlockContent e112hlxu0"
            >
              <pre>
                <code
                  className="language-raw"
                  dangerouslySetInnerHTML={
                    Object {
                      "__html": "{
  <span class=\\"hljs-string\\">&quot;_links&quot;</span>: {
    <span class=\\"hljs-string\\">&quot;account&quot;</span>: {
      <span class=\\"hljs-string\\">&quot;href&quot;</span>: <span class=\\"hljs-string\\">&quot;https://api-sandbox.dwolla.com/accounts/0ee84069-47c5-455c-b425-633523291dc3&quot;</span>,
      <span class=\\"hljs-string\\">&quot;resource-type&quot;</span>: <span class=\\"hljs-string\\">&quot;account&quot;</span>,
      <span class=\\"hljs-string\\">&quot;type&quot;</span>: <span class=\\"hljs-string\\">&quot;application/vnd.dwolla.v1.hal+json&quot;</span>
    },
    <span class=\\"hljs-string\\">&quot;customer&quot;</span>: {
      <span class=\\"hljs-string\\">&quot;href&quot;</span>: <span class=\\"hljs-string\\">&quot;https://api-sandbox.dwolla.com/customers/70088704-f2f1-443e-bd41-f20305d6c912&quot;</span>,
      <span class=\\"hljs-string\\">&quot;resource-type&quot;</span>: <span class=\\"hljs-string\\">&quot;customer&quot;</span>,
      <span class=\\"hljs-string\\">&quot;type&quot;</span>: <span class=\\"hljs-string\\">&quot;application/vnd.dwolla.v1.hal+json&quot;</span>
    },
    <span class=\\"hljs-string\\">&quot;resource&quot;</span>: {
      <span class=\\"hljs-string\\">&quot;href&quot;</span>: <span class=\\"hljs-string\\">&quot;https://api-sandbox.dwolla.com/transfers/949df329-c23f-e911-8116-917813db6033&quot;</span>,
      <span class=\\"hljs-string\\">&quot;type&quot;</span>: <span class=\\"hljs-string\\">&quot;application/vnd.dwolla.v1.hal+json&quot;</span>
    },
    <span class=\\"hljs-string\\">&quot;self&quot;</span>: {
      <span class=\\"hljs-string\\">&quot;href&quot;</span>: <span class=\\"hljs-string\\">&quot;https://api-sandbox.dwolla.com/events/19670af8-67df-46cf-be46-9eb2f77a0c7a&quot;</span>,
      <span class=\\"hljs-string\\">&quot;resource-type&quot;</span>: <span class=\\"hljs-string\\">&quot;event&quot;</span>,
      <span class=\\"hljs-string\\">&quot;type&quot;</span>: <span class=\\"hljs-string\\">&quot;application/vnd.dwolla.v1.hal+json&quot;</span>
    }
  },
  <span class=\\"hljs-string\\">&quot;created&quot;</span>: <span class=\\"hljs-string\\">&quot;2019-03-06T03:46:13.645Z&quot;</span>,
  <span class=\\"hljs-string\\">&quot;id&quot;</span>: <span class=\\"hljs-string\\">&quot;19670af8-67df-46cf-be46-9eb2f77a0c7a&quot;</span>,
  <span class=\\"hljs-string\\">&quot;resourceId&quot;</span>: <span class=\\"hljs-string\\">&quot;949df329-c23f-e911-8116-917813db6033&quot;</span>,
  <span class=\\"hljs-string\\">&quot;topic&quot;</span>: <span class=\\"hljs-string\\">&quot;customer_transfer_completed&quot;</span>
}",
                    }
                  }
                />
              </pre>
            </div>
            
          </div>
        </div>
      </div>
    </div>
  </div>
</div>
`;
