// Jest Snapshot v1, https://goo.gl/fbAQLP

exports[`CardGrid 1`] = `
<div
  className="css-6hqskf-StyledGrid e1k3ap260"
>
  <div
    className="css-191vh89-CardWrapper e1k3ap261"
  >
    <div
      className=" css-1mrozmg-CardStyle eguc8hf0"
    >
      <img
        alt=""
        className=" css-142sfdf-StyledIcon eguc8hf2"
        src="test-image-stub"
      />
      <div
        className=" css-bgc4kb-TopicStyle eguc8hf5"
      >
        This is the Topic
      </div>
      <div
        className=" css-mk6kj1-DescriptionStyle eguc8hf6"
      >
        An existing unverified bank can be verified with microdeposits. Send two small debits and have your Customer verify the amounts.
      </div>
    </div>
  </div>
  <div
    className="css-191vh89-CardWrapper e1k3ap261"
  >
    <div
      className=" css-1mrozmg-CardStyle eguc8hf0"
    >
      <img
        alt=""
        className=" css-142sfdf-StyledIcon eguc8hf2"
        src="test-image-stub"
      />
      <div
        className=" css-bgc4kb-TopicStyle eguc8hf5"
      >
        This is the Topic
      </div>
      <div
        className=" css-mk6kj1-DescriptionStyle eguc8hf6"
      >
        An existing unverified bank can be verified with microdeposits. Send two small debits and have your Customer verify the amounts.
      </div>
    </div>
  </div>
  <div
    className="css-191vh89-CardWrapper e1k3ap261"
  >
    <div
      className=" css-1mrozmg-CardStyle eguc8hf0"
    >
      <img
        alt=""
        className=" css-142sfdf-StyledIcon eguc8hf2"
        src="test-image-stub"
      />
      <div
        className=" css-bgc4kb-TopicStyle eguc8hf5"
      >
        This is the Topic
      </div>
      <div
        className=" css-mk6kj1-DescriptionStyle eguc8hf6"
      >
        An existing unverified bank can be verified with microdeposits. Send two small debits and have your Customer verify the amounts.
      </div>
    </div>
  </div>
  <div
    className="css-191vh89-CardWrapper e1k3ap261"
  >
    <div
      className=" css-1mrozmg-CardStyle eguc8hf0"
    >
      <img
        alt=""
        className=" css-142sfdf-StyledIcon eguc8hf2"
        src="test-image-stub"
      />
      <div
        className=" css-bgc4kb-TopicStyle eguc8hf5"
      >
        This is the Topic
      </div>
      <div
        className=" css-mk6kj1-DescriptionStyle eguc8hf6"
      >
        An existing unverified bank can be verified with microdeposits. Send two small debits and have your Customer verify the amounts.
      </div>
    </div>
  </div>
  <div
    className="css-191vh89-CardWrapper e1k3ap261"
  >
    <div
      className=" css-1mrozmg-CardStyle eguc8hf0"
    >
      <img
        alt=""
        className=" css-142sfdf-StyledIcon eguc8hf2"
        src="test-image-stub"
      />
      <div
        className=" css-bgc4kb-TopicStyle eguc8hf5"
      >
        This is the Topic
      </div>
      <div
        className=" css-mk6kj1-DescriptionStyle eguc8hf6"
      >
        An existing unverified bank can be verified with microdeposits. Send two small debits and have your Customer verify the amounts.
      </div>
    </div>
  </div>
  <div
    className="css-191vh89-CardWrapper e1k3ap261"
  >
    <div
      className=" css-1mrozmg-CardStyle eguc8hf0"
    >
      <img
        alt=""
        className=" css-142sfdf-StyledIcon eguc8hf2"
        src="test-image-stub"
      />
      <div
        className=" css-bgc4kb-TopicStyle eguc8hf5"
      >
        This is the Topic
      </div>
      <div
        className=" css-mk6kj1-DescriptionStyle eguc8hf6"
      >
        An existing unverified bank can be verified with microdeposits. Send two small debits and have your Customer verify the amounts.
      </div>
    </div>
  </div>
  <div
    className="css-191vh89-CardWrapper e1k3ap261"
  >
    <div
      className=" css-1mrozmg-CardStyle eguc8hf0"
    >
      <img
        alt=""
        className=" css-142sfdf-StyledIcon eguc8hf2"
        src="test-image-stub"
      />
      <div
        className=" css-bgc4kb-TopicStyle eguc8hf5"
      >
        This is the Topic
      </div>
      <div
        className=" css-mk6kj1-DescriptionStyle eguc8hf6"
      >
        An existing unverified bank can be verified with microdeposits. Send two small debits and have your Customer verify the amounts.
      </div>
    </div>
  </div>
  <div
    className="css-191vh89-CardWrapper e1k3ap261"
  >
    <div
      className=" css-1mrozmg-CardStyle eguc8hf0"
    >
      <img
        alt=""
        className=" css-142sfdf-StyledIcon eguc8hf2"
        src="test-image-stub"
      />
      <div
        className=" css-bgc4kb-TopicStyle eguc8hf5"
      >
        This is the Topic
      </div>
      <div
        className=" css-mk6kj1-DescriptionStyle eguc8hf6"
      >
        An existing unverified bank can be verified with microdeposits. Send two small debits and have your Customer verify the amounts.
      </div>
    </div>
  </div>
</div>
`;
