// Jest Snapshot v1, https://goo.gl/fbAQLP

exports[`FooterCTA 1`] = `
<div
  className="css-1a9nbxj-Container exx89mw0"
>
  <div
    className="css-16d8gvv-StyledContent exx89mw1"
  >
    <h2
      className="dark css-626giu-global-global-h2"
    >
      Test in the Sandbox for free today.
    </h2>
    <p
      className="dark css-160hd9d-StyledSubHeader-baseTextStyles-baseTextStyles e1i8011f1"
    >
      Use sandbox environment to test API requests.
    </p>
  </div>
  <a
    className="primary large css-1e7u6fh-StyledLink-buttonStyles-buttonStyles e12ysvgk1"
    href="https://accounts-sandbox.dwolla.com/sign-up"
    onClick={[Function]}
    onMouseEnter={[Function]}
    target="_blank"
  >
    Get API Keys
  </a>
</div>
`;
