// Jest Snapshot v1, https://goo.gl/fbAQLP

exports[`FooterCTA 1`] = `
<div
  className="css-6ac71t-Container exx89mw0"
>
  <div
    className="css-14ffo7e-StyledContent exx89mw1"
  >
    <h2
      className="dark css-4khfo2-global-global-h2"
    >
      Test in the Sandbox for free today.
    </h2>
    <p
      className="dark css-g45ovv-StyledSubHeader-baseTextStyles-baseTextStyles e1i8011f1"
    >
      Use sandbox environment to test API requests.
    </p>
  </div>
  <button
    className="primary large css-xjnv7x-ButtonStyle e12ysvgk0"
    type="button"
  >
    Get a Sandbox Account
  </button>
</div>
`;
