// Jest Snapshot v1, https://goo.gl/fbAQLP

exports[`Inline CTA 1`] = `
<div
  className="css-1bf2om8-BoxStyle exsshsf0"
>
  <img
    alt=""
    className="css-1lfxg9z-StyledIcon exsshsf1"
    src="test-image-stub"
  />
  <div
    className="css-cj8isa-TextStyle exsshsf2"
  >
    To learn more about how to initiate a Same-Day ACH credit transfer, reference our developer resource article.
  </div>
  <div
    className="css-1qk15us-ArrowStyle exsshsf3"
  >
    <svg
      width={13}
    />
  </div>
</div>
`;
