// Jest Snapshot v1, https://goo.gl/fbAQLP

exports[`Inline CTA 1`] = `
<a
  className="css-kunpmx-StyledLink exsshsf0"
  href="https://developers.dwolla.com/guides/personal-verified-customer"
  onClick={[Function]}
  onMouseEnter={[Function]}
>
  <div
    className="css-l9xmrb-Container exsshsf1"
  >
    <img
      alt=""
      className="css-1lfxg9z-StyledIcon exsshsf2"
      src="test-image-stub"
    />
    <div
      className="css-cj8isa-TextStyle exsshsf3"
    >
      For more information on creating a Verified Personal Customer, reference our step by step guide.
    </div>
    <div
      className="css-1qk15us-ArrowStyle exsshsf4"
    >
      <svg
        width={13}
      />
    </div>
  </div>
</a>
`;
