// Jest Snapshot v1, https://goo.gl/fbAQLP

exports[`Inline CTA 1`] = `
<div
  className="css-1bf2om8-BoxStyle exsshsf0"
>
  <div
    className="css-1hj5186-IconStyle exsshsf1"
  >
    <img
      alt=""
      src="test-image-stub"
    />
  </div>
  <div
    className="css-cj8isa-TextStyle exsshsf2"
  >
    To learn more about how to initiate a Same-Day ACH credit transfer, reference our developer resource article.
  </div>
  <div
    className="css-6gl40a-ArrowStyle exsshsf3"
  >
    <img
      alt="Arrow right"
      src="test-image-stub"
    />
  </div>
</div>
`;
