// Jest Snapshot v1, https://goo.gl/fbAQLP

exports[`Pagination next 1`] = `
<div
  className="css-1rhsvcm-StyledContainer ewxsldu0"
>
  <div
    className="css-1penlaa-StyledArrowDiv ewxsldu1"
  >
    <img
      alt="Newer"
      className="css-k5wf1s-ArrowIcon ewxsldu2"
      src="test-image-stub"
    />
    Newer
  </div>
  <ul
    className="css-1p8mcs9-StyledUL ewxsldu3"
  >
    <a
      className="css-h5h6wk-StyledPageLink ewxsldu4"
      href="#"
    >
      1
    </a>
    <a
      className="css-h5h6wk-StyledPageLink ewxsldu4"
      href="#"
    >
      2
    </a>
    <a
      className="css-h5h6wk-StyledPageLink ewxsldu4"
      href="#"
    >
      3
    </a>
    <a
      className="css-h5h6wk-StyledPageLink ewxsldu4"
      href="#"
    >
      4
    </a>
    <a
      className="css-h5h6wk-StyledPageLink ewxsldu4"
      href="#"
    >
      5
    </a>
    <a
      className="css-h5h6wk-StyledPageLink ewxsldu4"
      href="#"
    >
      6
    </a>
    <a
      className="css-h5h6wk-StyledPageLink ewxsldu4"
      href="#"
    >
      7
    </a>
    <a
      className="css-h5h6wk-StyledPageLink ewxsldu4"
      href="#"
    >
      8
    </a>
    <a
      className="css-h5h6wk-StyledPageLink ewxsldu4"
      href="#"
    >
      9
    </a>
  </ul>
  <div
    className="css-1penlaa-StyledArrowDiv ewxsldu1"
  >
    Older
    <img
      alt="Older"
      className="css-k5wf1s-ArrowIcon ewxsldu2"
      src="test-image-stub"
      style={
        Object {
          "transform": "rotate(180deg)",
        }
      }
    />
  </div>
</div>
`;
