// Jest Snapshot v1, https://goo.gl/fbAQLP

exports[`RightStickyNav 1`] = `
<div
  className="css-1w33el2-Group e1ycoeu80"
>
  <div
    className="css-1n9e0kp-Heading e1ycoeu81"
  >
    ON THIS PAGE
  </div>
  <a
    className="tab-1"
    onClick={[Function]}
  >
    The Basics
  </a>
  <a
    className="tab-2"
    onClick={[Function]}
  >
    Verification statuses and corresponding events
  </a>
  <a
    className="tab-3"
    onClick={[Function]}
  >
    Handling retry status
  </a>
  <a
    className="tab-3"
    onClick={[Function]}
  >
    Handling status: suspended
  </a>
  <a
    className="tab-4"
    onClick={[Function]}
  >
    Determining verification documents needed
  </a>
  <a
    className="tab-2"
    onClick={[Function]}
  >
    Level 2 Heading
  </a>
  <a
    className="tab-3"
    onClick={[Function]}
  >
    Handling retry status
  </a>
  <div
    className="css-1uflywj-PageTop e1ycoeu82"
    onClick={[Function]}
  >
    Top of Page
  </div>
</div>
`;
