// Jest Snapshot v1, https://goo.gl/fbAQLP

exports[`IndexPageGrid 1`] = `
[
  <div
    className="mdx-style-override css-h63dfz-BannerWrap er14vms1"
  >
    <div
      className="filters default css-qc8b1t-StyledBanner e1el1emo5"
    >
      <div
        className="css-1trg8gg-BannerContentWrap e1el1emo4"
      >
        <img
          alt=""
          className="css-1fky7ck-StyledIcon e1el1emo3"
          src="guides-icon.svg"
        />
        <div
          className="css-izwvz-StyledTopic e1el1emo2"
        >
          Guides
        </div>
        <div
          className="css-wbadgb-StyledDescription e1el1emo1"
        >
          Step-by-step instructions to get you set up in the Dwolla API
        </div>
      </div>
      <div
        className="css-1r5qd2q-StyledFilter e1el1emo0"
      >
        <ul
          className="css-ckmwo8-TabsContainerStyle ercic662"
        >
          <li
            className="is-active css-1vt6dm1-TabStyle ercic661"
            onClick={[Function]}
            onKeyDown={[Function]}
            tabIndex={0}
          >
            All
          </li>
          <li
            className=" css-1vt6dm1-TabStyle ercic661"
            onClick={[Function]}
            onKeyDown={[Function]}
            tabIndex={0}
          >
            Get Building
          </li>
        </ul>
        <div
          className="css-18difvw-SelectWrapper ercic660"
        >
          <div
            className=" css-14mys1s-container"
            onKeyDown={[Function]}
          >
            <span
              className="css-1f43avz-a11yText-A11yText"
              id="react-select-2-live-region"
            />
            <span
              aria-atomic="false"
              aria-live="polite"
              aria-relevant="additions text"
              className="css-1f43avz-a11yText-A11yText"
            />
            <div
              className=" css-13gegmk-control"
              onMouseDown={[Function]}
              onTouchEnd={[Function]}
            >
              <div
                className=" css-9elhwp-ValueContainer"
              >
                <div
                  className=" css-1n4ahi-singleValue"
                >
                  All
                </div>
                <input
                  aria-autocomplete="list"
                  aria-expanded={false}
                  aria-haspopup={true}
                  aria-readonly={true}
                  className="css-mohuvp-dummyInput-DummyInput"
                  disabled={false}
                  id="react-select-2-input"
                  inputMode="none"
                  onBlur={[Function]}
                  onChange={[Function]}
                  onFocus={[Function]}
                  role="combobox"
                  tabIndex={0}
                  value=""
                />
              </div>
              <div
                className=" css-1hb7zxy-IndicatorsContainer"
              >
                <span
                  className=" css-1uei4ir-indicatorSeparator"
                />
                <div
                  aria-hidden="true"
                  className=" css-1ra8hvv-indicatorContainer"
                  onMouseDown={[Function]}
                  onTouchEnd={[Function]}
                >
                  <img
                    alt=""
                    className=" css-vfym8x-StyledDefaultDropdownIcon evf7wlc2"
                    src="test-image-stub"
                  />
                </div>
              </div>
            </div>
          </div>
        </div>
      </div>
    </div>
  </div>,
  <div
    className="css-9gb00l-CardGridWrap er14vms0"
  >
    <div
      className="css-6hqskf-StyledGrid e1rcoxlj1"
    >
      <div
        className="css-191vh89-CardWrapper e1rcoxlj0"
      >
        <div
          className=" css-zpgsmt-CardStyle ejy78ug8"
        >
          <div
            className=" css-1ra2uvl-StyledIcon ejy78ug7"
          >
            <img
              alt=""
              src="/assets/images/content-images/content-icons/guides-icon.svg"
            />
          </div>
          <div
            className="css-1hyoydr-BadgeStyle ejy78ug6"
          >
            <div
              className="css-usx4aq-StyledBadge e1sxbycx0"
            >
              Get Building
            </div>
          </div>
          <div
            className="hasIcon css-3l2k0j-TopicStyle ejy78ug2"
          >
            Send Money to your Users
          </div>
          <div
            className=" css-1slm2rv-DescriptionStyle ejy78ug1"
          >
            Send ACH transfers. Choose custom (Access API) onboarding or Transfer (OAuth) account creation.
          </div>
          <div
            className=" css-n0wfp0-LinkTextStyle ejy78ug0"
          >
            <a
              className="MuiButtonBase-root MuiButton-root MuiButton-text MuiButton-textSecondary MuiButton-sizeMedium MuiButton-textSizeMedium MuiButton-root MuiButton-text MuiButton-textSecondary MuiButton-sizeMedium MuiButton-textSizeMedium css-1d3f8j8-MuiButtonBase-root-MuiButton-root"
              href="/guides/send-money"
              onBlur={[Function]}
              onContextMenu={[Function]}
              onDragLeave={[Function]}
              onFocus={[Function]}
              onKeyDown={[Function]}
              onKeyUp={[Function]}
              onMouseDown={[Function]}
              onMouseLeave={[Function]}
              onMouseUp={[Function]}
              onTouchEnd={[Function]}
              onTouchMove={[Function]}
              onTouchStart={[Function]}
              style={
                {
                  "justifyContent": "flex-start",
                }
              }
              tabIndex={0}
            >
              GitHub Repository
              <span
                className="MuiButton-endIcon MuiButton-iconSizeMedium css-9tj150-MuiButton-endIcon"
              >
                <svg
                  aria-hidden={true}
                  className="MuiSvgIcon-root MuiSvgIcon-fontSizeMedium css-i4bv87-MuiSvgIcon-root"
                  data-testid="ArrowForwardIcon"
                  focusable="false"
                  viewBox="0 0 24 24"
                >
                  <path
                    d="m12 4-1.41 1.41L16.17 11H4v2h12.17l-5.58 5.59L12 20l8-8z"
                  />
                </svg>
              </span>
            </a>
          </div>
        </div>
      </div>
      <div
        className="css-191vh89-CardWrapper e1rcoxlj0"
      >
        <div
          className=" css-zpgsmt-CardStyle ejy78ug8"
        >
          <div
            className=" css-1ra2uvl-StyledIcon ejy78ug7"
          >
            <img
              alt=""
              src="/assets/images/content-images/content-icons/guides-icon.svg"
            />
          </div>
          <div
            className="css-1hyoydr-BadgeStyle ejy78ug6"
          >
            <div
              className="css-usx4aq-StyledBadge e1sxbycx0"
            >
              Get Building
            </div>
          </div>
          <div
            className="hasIcon css-3l2k0j-TopicStyle ejy78ug2"
          >
            Receive Money from your Users
          </div>
          <div
            className=" css-1slm2rv-DescriptionStyle ejy78ug1"
          >
            Accept ACH transfers. Covers both Access API and Transfer integrations.
          </div>
          <div
            className=" css-n0wfp0-LinkTextStyle ejy78ug0"
          >
            <a
              className="MuiButtonBase-root MuiButton-root MuiButton-text MuiButton-textSecondary MuiButton-sizeMedium MuiButton-textSizeMedium MuiButton-root MuiButton-text MuiButton-textSecondary MuiButton-sizeMedium MuiButton-textSizeMedium css-1d3f8j8-MuiButtonBase-root-MuiButton-root"
              href="/guides/receive-money"
              onBlur={[Function]}
              onContextMenu={[Function]}
              onDragLeave={[Function]}
              onFocus={[Function]}
              onKeyDown={[Function]}
              onKeyUp={[Function]}
              onMouseDown={[Function]}
              onMouseLeave={[Function]}
              onMouseUp={[Function]}
              onTouchEnd={[Function]}
              onTouchMove={[Function]}
              onTouchStart={[Function]}
              style={
                {
                  "justifyContent": "flex-start",
                }
              }
              tabIndex={0}
            >
              GitHub Repository
              <span
                className="MuiButton-endIcon MuiButton-iconSizeMedium css-9tj150-MuiButton-endIcon"
              >
                <svg
                  aria-hidden={true}
                  className="MuiSvgIcon-root MuiSvgIcon-fontSizeMedium css-i4bv87-MuiSvgIcon-root"
                  data-testid="ArrowForwardIcon"
                  focusable="false"
                  viewBox="0 0 24 24"
                >
                  <path
                    d="m12 4-1.41 1.41L16.17 11H4v2h12.17l-5.58 5.59L12 20l8-8z"
                  />
                </svg>
              </span>
            </a>
          </div>
        </div>
      </div>
      <div
        className="css-191vh89-CardWrapper e1rcoxlj0"
      >
        <div
          className=" css-zpgsmt-CardStyle ejy78ug8"
        >
          <div
            className=" css-1ra2uvl-StyledIcon ejy78ug7"
          >
            <img
              alt=""
              src="/assets/images/content-images/content-icons/guides-icon.svg"
            />
          </div>
          <div
            className="css-1hyoydr-BadgeStyle ejy78ug6"
          >
            <div
              className="css-usx4aq-StyledBadge e1sxbycx0"
            >
              Get Building
            </div>
          </div>
          <div
            className="hasIcon css-3l2k0j-TopicStyle ejy78ug2"
          >
            Transfer Money Between Users
          </div>
          <div
            className=" css-1slm2rv-DescriptionStyle ejy78ug1"
          >
            Facilitate ACH transfers between two distinct parties, e.g. for marketplace applications that connect buyers with sellers for bank to bank payments. Features Access API integration.
          </div>
          <div
            className=" css-n0wfp0-LinkTextStyle ejy78ug0"
          >
            <a
              className="MuiButtonBase-root MuiButton-root MuiButton-text MuiButton-textSecondary MuiButton-sizeMedium MuiButton-textSizeMedium MuiButton-root MuiButton-text MuiButton-textSecondary MuiButton-sizeMedium MuiButton-textSizeMedium css-1d3f8j8-MuiButtonBase-root-MuiButton-root"
              href="/guides/transfer-money-between-users/obtain-access-token"
              onBlur={[Function]}
              onContextMenu={[Function]}
              onDragLeave={[Function]}
              onFocus={[Function]}
              onKeyDown={[Function]}
              onKeyUp={[Function]}
              onMouseDown={[Function]}
              onMouseLeave={[Function]}
              onMouseUp={[Function]}
              onTouchEnd={[Function]}
              onTouchMove={[Function]}
              onTouchStart={[Function]}
              style={
                {
                  "justifyContent": "flex-start",
                }
              }
              tabIndex={0}
            >
              GitHub Repository
              <span
                className="MuiButton-endIcon MuiButton-iconSizeMedium css-9tj150-MuiButton-endIcon"
              >
                <svg
                  aria-hidden={true}
                  className="MuiSvgIcon-root MuiSvgIcon-fontSizeMedium css-i4bv87-MuiSvgIcon-root"
                  data-testid="ArrowForwardIcon"
                  focusable="false"
                  viewBox="0 0 24 24"
                >
                  <path
                    d="m12 4-1.41 1.41L16.17 11H4v2h12.17l-5.58 5.59L12 20l8-8z"
                  />
                </svg>
              </span>
            </a>
          </div>
        </div>
      </div>
    </div>
  </div>,
]
`;
