// Jest Snapshot v1, https://goo.gl/fbAQLP

exports[`MDXStyleWrapper 1`] = `
<div
  className="css-8xzjag-global-global-codeStyles-codeStyles-h1-h2-h3-h4-h5-baseTextStyles-baseTextStyles-paragraphStyles-paragraphStyles-codeStyles-codeStyles-imageStyles-imageStyles-codeStyles-codeStyles-codeStyles-codeStyles-linkStyles-linkStyles-baseTextStyles-baseTextStyles-listStyles-listStyles-codeStyles-codeStyles-imageStyles-imageStyles-codeStyles-codeStyles-codeStyles-codeStyles-blockQuoteStyles-blockQuoteStyles"
>
  <h1>
    This is wrapped in the MDX Style Wrapper
  </h1>
</div>
`;
