// Jest Snapshot v1, https://goo.gl/fbAQLP

exports[`Next/Back Pagination 1`] = `
<div
  className="css-d2mfe5-StyledWrapper e1ezux0y0"
>
  <div
    className="previous css-88mn7o-Container erl4udx4"
  >
    <a
      className="css-n6yx7v-StyledAnchor erl4udx3"
      href="/#prev"
      onClick={[Function]}
      onMouseEnter={[Function]}
    >
      <div
        className="css-1s13nga-Card erl4udx2"
      >
        <div
          className="css-17qbf5t-ArrowDiv erl4udx1"
        >
          <img
            alt="Previous"
            className="css-1w05nfw-ArrowIcon erl4udx0"
            src="test-image-stub"
          />
          Previous
        </div>
        <span>
          Previous Title
        </span>
      </div>
    </a>
  </div>
  <div />
  <div
    className="next css-88mn7o-Container erl4udx4"
  >
    <a
      className="css-n6yx7v-StyledAnchor erl4udx3"
      href="/#next"
      onClick={[Function]}
      onMouseEnter={[Function]}
    >
      <div
        className="css-1s13nga-Card erl4udx2"
      >
        <div
          className="css-17qbf5t-ArrowDiv erl4udx1"
        >
          Next
          <img
            alt="Next"
            className="css-1w05nfw-ArrowIcon erl4udx0"
            src="test-image-stub"
          />
        </div>
        <span>
          Next Title
        </span>
      </div>
    </a>
  </div>
</div>
`;
