// Jest Snapshot v1, https://goo.gl/fbAQLP

exports[`Footer 1`] = `
<div
  className="css-157ism8-Container eg0edpy0"
>
  <div
    className="css-1a8teoz-LogoContainer eg0edpy1"
  >
    <a
      href="/"
      onClick={[Function]}
      onMouseEnter={[Function]}
    >
      <img
        alt=""
        className="css-1ty6c2n-Logo eg0edpy2"
        src="test-image-stub"
      />
    </a>
    <div
      className="css-1neb9ej-Copyright eg0edpy3"
    >
      2021
       All Rights Reserved
    </div>
  </div>
  <div
    className="css-1g5yeab-LinkContainer eg0edpy4"
  >
    <div
      className="css-n2kuza-LinkGroup eg0edpy5"
    >
      <h3
        className="css-ve8wjm-LinkGroupHeading eg0edpy6"
      >
        Dwolla
      </h3>
      <ul
        className="css-fqkv27-LinkGroupList eg0edpy7"
      >
        <li
          className="css-13i1lc7-LinkGroupItem eg0edpy8"
        >
          <a
            className="css-1yfy9it-LinkGroupLink eg0edpy9"
            href="https://www.dwolla.com/about/"
          >
            About
          </a>
        </li>
        <li
          className="css-13i1lc7-LinkGroupItem eg0edpy8"
        >
          <a
            className="css-1yfy9it-LinkGroupLink eg0edpy9"
            href="https://www.dwolla.com/updates/"
          >
            Blog
          </a>
        </li>
        <li
          className="css-13i1lc7-LinkGroupItem eg0edpy8"
        >
          <a
            className="css-1yfy9it-LinkGroupLink eg0edpy9"
            href="https://www.dwolla.com/pricing/"
          >
            Pricing
          </a>
        </li>
        <li
          className="css-13i1lc7-LinkGroupItem eg0edpy8"
        >
          <a
            className="css-1yfy9it-LinkGroupLink eg0edpy9"
            href="https://www.dwolla.com/contact/"
          >
            Contact Sales
          </a>
        </li>
        <li
          className="css-13i1lc7-LinkGroupItem eg0edpy8"
        >
          <a
            className="css-1yfy9it-LinkGroupLink eg0edpy9"
            href="https://www.dwolla.com/legal/tos/"
          >
            Terms of Service
          </a>
        </li>
        <li
          className="css-13i1lc7-LinkGroupItem eg0edpy8"
        >
          <a
            className="css-1yfy9it-LinkGroupLink eg0edpy9"
            href="https://www.dwolla.com/legal/privacy/"
          >
            Privacy Policy
          </a>
        </li>
      </ul>
    </div>
    <div
      className="css-n2kuza-LinkGroup eg0edpy5"
    >
      <h3
        className="css-ve8wjm-LinkGroupHeading eg0edpy6"
      >
        Product
      </h3>
      <ul
        className="css-fqkv27-LinkGroupList eg0edpy7"
      >
        <li
          className="css-13i1lc7-LinkGroupItem eg0edpy8"
        >
          <a
            className="css-1yfy9it-LinkGroupLink eg0edpy9"
            href="https://www.dwolla.com/resources/"
          >
            Resources
          </a>
        </li>
        <li
          className="css-13i1lc7-LinkGroupItem eg0edpy8"
        >
          <a
            className="css-1yfy9it-LinkGroupLink eg0edpy9"
            href="https://www.dwolla.com/features/"
          >
            Features
          </a>
        </li>
        <li
          className="css-13i1lc7-LinkGroupItem eg0edpy8"
        >
          <a
            className="css-1yfy9it-LinkGroupLink eg0edpy9"
            href="https://www.dwolla.com/case-studies/"
          >
            Case Studies
          </a>
        </li>
        <li
          className="css-13i1lc7-LinkGroupItem eg0edpy8"
        >
          <a
            className="css-1yfy9it-LinkGroupLink eg0edpy9"
            href="https://www.dwolla.com/integrations/"
          >
            Integrations
          </a>
        </li>
      </ul>
    </div>
    <div
      className="css-n2kuza-LinkGroup eg0edpy5"
    >
      <h3
        className="css-ve8wjm-LinkGroupHeading eg0edpy6"
      >
        Developers
      </h3>
      <ul
        className="css-fqkv27-LinkGroupList eg0edpy7"
      >
        <li
          className="css-13i1lc7-LinkGroupItem eg0edpy8"
        >
          <a
            className="css-1yfy9it-LinkGroupLink eg0edpy9"
            href="https://docs.dwolla.com/"
          >
            API Reference
          </a>
        </li>
        <li
          className="css-13i1lc7-LinkGroupItem eg0edpy8"
        >
          <a
            className="css-1yfy9it-LinkGroupLink eg0edpy9"
            href="https://discuss.dwolla.com/"
          >
            Support Forum
          </a>
        </li>
        <li
          className="css-13i1lc7-LinkGroupItem eg0edpy8"
        >
          <a
            className="css-1yfy9it-LinkGroupLink eg0edpy9"
            href="#sdks-and-tools"
          >
            SDKs and Tools
          </a>
        </li>
        <li
          className="css-13i1lc7-LinkGroupItem eg0edpy8"
        >
          <a
            className="css-1yfy9it-LinkGroupLink eg0edpy9"
            href="https://github.com/Dwolla/"
          >
            Github Repos
          </a>
        </li>
      </ul>
    </div>
  </div>
  <div
    className="css-1kena77-LegalContainer eg0edpy10"
  >
    <strong
      className="css-31ngrj-LegalTitle eg0edpy11"
    >
      Financial institutions play an important role in our network.
    </strong>
    <p
      className="css-1rlmt3x-LegalDesc eg0edpy12"
    >
      Dwolla, Inc. is the operator of a software platform that communicates user instructions for funds transfers to our financial institution partners.
    </p>
    <p
      className="css-1rlmt3x-LegalDesc eg0edpy12"
    >
      Dwolla is an agent of Veridian Credit Union. All ACH and Wire transfers are performed by Veridian Credit Union. Your Dwolla Balance, if any, is held in one or more pooled holding accounts held by Veridian Credit Union. These funds may not be eligible for share insurance by the National Credit Union Share Insurance Fund.
    </p>
    <p
      className="css-1rlmt3x-LegalDesc eg0edpy12"
    >
      <span>
        Sponsorship and Settlement of Push-to-Debit payment services provided by
         
        <span
          style={
            Object {
              "whiteSpace": "nowrap",
            }
          }
        >
          MetaBank®, N.A.
        </span>
        <br />
         Push-to-Debit payments are typically available within 30 minutes.
      </span>
    </p>
    <p
      className="css-1rlmt3x-LegalDesc eg0edpy12"
    >
      Real-Time Payments are performed by Cross River Bank, which holds funds on behalf of the Receiver of such transactions in one or more pooled custodial accounts. These funds are not subject to FDIC pass-through deposit insurance.
    </p>
  </div>
</div>
`;
