// Jest Snapshot v1, https://goo.gl/fbAQLP

exports[`SideNav 1`] = `
<div
  className="css-yeohq5-Container e1qiqw1s15"
>
  <div
    className="css-kibqvq-Slide e1qiqw1s14"
  >
    <div
      className="left css-1jc4k7f-SlidePane e1qiqw1s13"
      id="body-scroll-lock-side-nav"
    >
      <div
        className="css-kgvw59-SectionWrap e1qiqw1s12"
      >
        <a
          className="active css-1a6fllo-SectionLink-SectionLink"
          href="/"
          onClick={[Function]}
          onMouseEnter={[Function]}
          onTouchStart={[Function]}
        >
          <div
            className="css-cykp80-SectionIconWrap e1qiqw1s9"
          >
            <svg
              className="section-icon"
              height={17}
              width={17}
            />
          </div>
          Home
        </a>
        <a
          className="section css-1a6fllo-SectionLink-SectionLink"
          href="/api-reference"
          onClick={[Function]}
          onMouseEnter={[Function]}
          onTouchStart={[Function]}
        >
          <div
            className="css-cykp80-SectionIconWrap e1qiqw1s9"
          >
            <svg
              className="section-icon"
              height={17}
              width={17}
            />
          </div>
          API Reference
          <div
            className="css-y8ea5i-SectionCaretWrap e1qiqw1s8"
          >
            <svg
              height={10}
              width={5}
            />
          </div>
        </a>
        <a
          className="section css-1a6fllo-SectionLink-SectionLink"
          href="/guides"
          onClick={[Function]}
          onMouseEnter={[Function]}
          onTouchStart={[Function]}
        >
          <div
            className="css-cykp80-SectionIconWrap e1qiqw1s9"
          >
            <svg
              className="section-icon"
              height={17}
              width={17}
            />
          </div>
          Guides
          <div
            className="css-y8ea5i-SectionCaretWrap e1qiqw1s8"
          >
            <svg
              height={10}
              width={5}
            />
          </div>
        </a>
        <a
          className="section css-1a6fllo-SectionLink-SectionLink"
          href="/concepts"
          onClick={[Function]}
          onMouseEnter={[Function]}
          onTouchStart={[Function]}
        >
          <div
            className="css-cykp80-SectionIconWrap e1qiqw1s9"
          >
            <svg
              className="section-icon"
              height={17}
              width={17}
            />
          </div>
          Concepts
          <div
            className="css-y8ea5i-SectionCaretWrap e1qiqw1s8"
          >
            <svg
              height={10}
              width={5}
            />
          </div>
        </a>
        <a
          className=" css-1a6fllo-SectionLink-SectionLink"
          href="/sdks-tools"
          onClick={[Function]}
          onMouseEnter={[Function]}
          onTouchStart={[Function]}
        >
          <div
            className="css-cykp80-SectionIconWrap e1qiqw1s9"
          >
            <svg
              className="section-icon"
              height={17}
              width={17}
            />
          </div>
          SDKs & Tools
        </a>
      </div>
      <div
        className="css-17mreui-ExternalSectionWrap e1qiqw1s11"
      >
        <a
          className=" css-1a6fllo-SectionLink-SectionLink"
          href="https://discuss.dwolla.com/"
          onClick={[Function]}
          onMouseEnter={[Function]}
          onTouchStart={[Function]}
          target="_blank"
        >
          <div
            className="css-cykp80-SectionIconWrap e1qiqw1s9"
          >
            <svg
              className="section-icon"
              height={15}
              width={15}
            />
          </div>
          Community
        </a>
      </div>
      <div
        className="css-19j3ofi-MobileWrap e1qiqw1s1"
      >
        <div
          className="css-1rc904k-MobileButtonWrap e1qiqw1s0"
        >
          <a
            className="MuiButtonBase-root MuiButton-root MuiButton-contained MuiButton-containedSecondary MuiButton-sizeMedium MuiButton-containedSizeMedium MuiButton-fullWidth MuiButton-root MuiButton-contained MuiButton-containedSecondary MuiButton-sizeMedium MuiButton-containedSizeMedium MuiButton-fullWidth css-mrzqee-MuiButtonBase-root-MuiButton-root"
            href="https://accounts-sandbox.dwolla.com/login"
            onBlur={[Function]}
            onContextMenu={[Function]}
            onDragLeave={[Function]}
            onFocus={[Function]}
            onKeyDown={[Function]}
            onKeyUp={[Function]}
            onMouseDown={[Function]}
            onMouseLeave={[Function]}
            onMouseUp={[Function]}
            onTouchEnd={[Function]}
            onTouchMove={[Function]}
            onTouchStart={[Function]}
            tabIndex={0}
            target="_blank"
          >
            Get API Keys
          </a>
        </div>
      </div>
    </div>
  </div>
</div>
`;
