// Jest Snapshot v1, https://goo.gl/fbAQLP

exports[`SideNav 1`] = `
<div
  className="css-yeohq5-Container e1qiqw1s14"
>
  <div
    className="css-kibqvq-Slide e1qiqw1s13"
  >
    <div
      className="left css-1jc4k7f-SlidePane e1qiqw1s12"
      id="body-scroll-lock-side-nav"
    >
      <div
        className="css-1lugamu-SectionWrap e1qiqw1s11"
      >
        <a
          className="active css-yka8go-SectionLink"
          href="/"
          onClick={[Function]}
          onMouseEnter={[Function]}
        >
          <div
            className="css-1uyhva7-SectionIconWrap e1qiqw1s8"
          >
            <svg
              className="section-icon"
              height={17}
              width={17}
            />
          </div>
          Home
        </a>
        <a
          className=" css-yka8go-SectionLink"
          href="/api-reference"
          onClick={[Function]}
          onMouseEnter={[Function]}
        >
          <div
            className="css-1uyhva7-SectionIconWrap e1qiqw1s8"
          >
            <svg
              className="section-icon"
              height={17}
              width={17}
            />
          </div>
          API Reference
          <div
            className="css-y8ea5i-SectionCaretWrap e1qiqw1s7"
          >
            <svg
              height={10}
              width={5}
            />
          </div>
        </a>
        <a
          className=" css-yka8go-SectionLink"
          href="/guides"
          onClick={[Function]}
          onMouseEnter={[Function]}
        >
          <div
            className="css-1uyhva7-SectionIconWrap e1qiqw1s8"
          >
            <svg
              className="section-icon"
              height={17}
              width={17}
            />
          </div>
          Guides
          <div
            className="css-y8ea5i-SectionCaretWrap e1qiqw1s7"
          >
            <svg
              height={10}
              width={5}
            />
          </div>
        </a>
        <a
          className=" css-yka8go-SectionLink"
          href="/concepts"
          onClick={[Function]}
          onMouseEnter={[Function]}
        >
          <div
            className="css-1uyhva7-SectionIconWrap e1qiqw1s8"
          >
            <svg
              className="section-icon"
              height={17}
              width={17}
            />
          </div>
          Concepts
          <div
            className="css-y8ea5i-SectionCaretWrap e1qiqw1s7"
          >
            <svg
              height={10}
              width={5}
            />
          </div>
        </a>
        <a
          className=" css-yka8go-SectionLink"
          href="/sdks-tools"
          onClick={[Function]}
          onMouseEnter={[Function]}
        >
          <div
            className="css-1uyhva7-SectionIconWrap e1qiqw1s8"
          >
            <svg
              className="section-icon"
              height={17}
              width={17}
            />
          </div>
          SDKs & Tools
        </a>
      </div>
      <div
        className="css-10a5zt7-ExternalSectionWrap e1qiqw1s10"
      >
        <a
          className=" css-yka8go-SectionLink"
          href="https://discuss.dwolla.com/"
          onClick={[Function]}
          onMouseEnter={[Function]}
          target="_blank"
        >
          <div
            className="css-1uyhva7-SectionIconWrap e1qiqw1s8"
          >
            <svg
              className="section-icon"
              height={15}
              width={15}
            />
          </div>
          Community
        </a>
      </div>
      <div
        className="css-nasyo1-MobileWrap e1qiqw1s1"
      >
        <div
          className="css-1rc904k-MobileButtonWrap e1qiqw1s0"
        >
          <a
            className="primary block  css-ux75yb-StyledLink-buttonStyles-buttonStyles ek3ainu0"
            href="https://accounts-sandbox.dwolla.com/login"
            target="_blank"
          >
            Get API Keys
          </a>
        </div>
      </div>
    </div>
  </div>
</div>
`;
