// Jest Snapshot v1, https://goo.gl/fbAQLP

exports[`SideNav 1`] = `
<div
  className="css-yeohq5-Container e1qiqw1s18"
>
  <div
    className="css-kibqvq-Slide e1qiqw1s17"
  >
    <div
      className="left css-soqej8-SlidePane e1qiqw1s16"
      id="body-scroll-lock-side-nav"
    >
      <div
        className="css-i677yt-SecondaryNavWrap e1qiqw1s1"
      >
        <div
          className="MuiFormControl-root css-1ew3zq8-MuiFormControl-root"
        >
          <label
            className="MuiFormLabel-root MuiInputLabel-root MuiInputLabel-formControl MuiInputLabel-animated MuiInputLabel-shrink MuiInputLabel-sizeSmall MuiInputLabel-outlined MuiFormLabel-colorPrimary MuiFormLabel-filled MuiInputLabel-root MuiInputLabel-formControl MuiInputLabel-animated MuiInputLabel-shrink MuiInputLabel-sizeSmall MuiInputLabel-outlined css-1jy569b-MuiFormLabel-root-MuiInputLabel-root"
            data-shrink={true}
            id="select-mui-0"
          >
            Select Product
          </label>
          <div
            className="MuiInputBase-root MuiOutlinedInput-root MuiInputBase-colorPrimary MuiInputBase-formControl MuiInputBase-sizeSmall  css-1yk1gt9-MuiInputBase-root-MuiOutlinedInput-root-MuiSelect-root"
            onClick={[Function]}
          >
            <div
              aria-expanded="false"
              aria-haspopup="listbox"
              aria-labelledby="select-mui-0"
              className="MuiSelect-select MuiSelect-outlined MuiInputBase-input MuiOutlinedInput-input MuiInputBase-inputSizeSmall css-jedpe8-MuiSelect-select-MuiInputBase-input-MuiOutlinedInput-input"
              onBlur={[Function]}
              onFocus={[Function]}
              onKeyDown={[Function]}
              onMouseDown={[Function]}
              role="button"
              tabIndex={0}
            >
              <div
                style={
                  {
                    "alignItems": "center",
                    "display": "flex",
                    "justifyItems": "space-between",
                  }
                }
              >
                <svg
                  width={24}
                />
                <div
                  style={
                    {
                      "marginLeft": "0.5em",
                      "padding": "0.3em 0",
                    }
                  }
                >
                  Dwolla Connect
                </div>
              </div>
            </div>
            <input
              aria-hidden={true}
              aria-invalid={false}
              className="MuiSelect-nativeInput css-yf8vq0-MuiSelect-nativeInput"
              disabled={false}
              onAnimationStart={[Function]}
              onChange={[Function]}
              required={false}
              tabIndex={-1}
              value="connect"
            />
            <svg
              aria-hidden={true}
              className="MuiSvgIcon-root MuiSvgIcon-fontSizeMedium MuiSelect-icon MuiSelect-iconOutlined css-hfutr2-MuiSvgIcon-root-MuiSelect-icon"
              data-testid="ArrowDropDownIcon"
              focusable="false"
              viewBox="0 0 24 24"
            >
              <path
                d="M7 10l5 5 5-5z"
              />
            </svg>
            <fieldset
              aria-hidden={true}
              className="MuiOutlinedInput-notchedOutline css-1d3z3hw-MuiOutlinedInput-notchedOutline"
            >
              <legend
                className="css-14lo706"
              >
                <span>
                  Select Product
                </span>
              </legend>
            </fieldset>
          </div>
        </div>
        <div
          className="MuiFormControl-root css-skjjoq-MuiFormControl-root"
        >
          <label
            className="MuiFormLabel-root MuiInputLabel-root MuiInputLabel-formControl MuiInputLabel-animated MuiInputLabel-shrink MuiInputLabel-sizeSmall MuiInputLabel-outlined MuiFormLabel-colorPrimary MuiFormLabel-filled MuiInputLabel-root MuiInputLabel-formControl MuiInputLabel-animated MuiInputLabel-shrink MuiInputLabel-sizeSmall MuiInputLabel-outlined css-1jy569b-MuiFormLabel-root-MuiInputLabel-root"
            data-shrink={true}
            id="select-mui-1"
          >
            Select Category
          </label>
          <div
            className="MuiInputBase-root MuiOutlinedInput-root MuiInputBase-colorPrimary MuiInputBase-formControl MuiInputBase-sizeSmall  css-1yk1gt9-MuiInputBase-root-MuiOutlinedInput-root-MuiSelect-root"
            onClick={[Function]}
          >
            <div
              aria-expanded="false"
              aria-haspopup="listbox"
              aria-labelledby="select-mui-1"
              className="MuiSelect-select MuiSelect-outlined MuiInputBase-input MuiOutlinedInput-input MuiInputBase-inputSizeSmall css-jedpe8-MuiSelect-select-MuiInputBase-input-MuiOutlinedInput-input"
              onBlur={[Function]}
              onFocus={[Function]}
              onKeyDown={[Function]}
              onMouseDown={[Function]}
              role="button"
              tabIndex={0}
            >
              Product Overview
            </div>
            <input
              aria-hidden={true}
              aria-invalid={false}
              className="MuiSelect-nativeInput css-yf8vq0-MuiSelect-nativeInput"
              disabled={false}
              onAnimationStart={[Function]}
              onChange={[Function]}
              required={false}
              tabIndex={-1}
              value="productOverview"
            />
            <svg
              aria-hidden={true}
              className="MuiSvgIcon-root MuiSvgIcon-fontSizeMedium MuiSelect-icon MuiSelect-iconOutlined css-hfutr2-MuiSvgIcon-root-MuiSelect-icon"
              data-testid="ArrowDropDownIcon"
              focusable="false"
              viewBox="0 0 24 24"
            >
              <path
                d="M7 10l5 5 5-5z"
              />
            </svg>
            <fieldset
              aria-hidden={true}
              className="MuiOutlinedInput-notchedOutline css-1d3z3hw-MuiOutlinedInput-notchedOutline"
            >
              <legend
                className="css-14lo706"
              >
                <span>
                  Select Category
                </span>
              </legend>
            </fieldset>
          </div>
        </div>
      </div>
      <div
        className="css-kgvw59-SectionWrap e1qiqw1s15"
      >
        <a
          className=" css-nr9jvx-SectionLink-SectionLink"
          href="/docs"
          onClick={[Function]}
          onMouseEnter={[Function]}
          onTouchStart={[Function]}
        >
          <div
            className="css-30rc4k-SectionIconWrap e1qiqw1s12"
          >
            <svg
              className="section-icon"
              height={22}
              width={22}
            />
          </div>
          Home
        </a>
        <a
          className=" css-nr9jvx-SectionLink-SectionLink"
          href="/docs/balance"
          onClick={[Function]}
          onMouseEnter={[Function]}
          onTouchStart={[Function]}
        >
          <div
            className="css-30rc4k-SectionIconWrap e1qiqw1s12"
          >
            <svg
              className="section-icon"
              height={22}
              width={22}
            />
          </div>
          Balance
        </a>
        <a
          className=" css-nr9jvx-SectionLink-SectionLink"
          href="/api-reference"
          onClick={[Function]}
          onMouseEnter={[Function]}
          onTouchStart={[Function]}
        >
          <div
            className="css-30rc4k-SectionIconWrap e1qiqw1s12"
          >
            <svg
              className="section-icon"
              height={22}
              width={22}
            />
          </div>
          API Reference
          <div
            className="css-1qriqu9-SectionCaretWrap e1qiqw1s11"
          >
            <svg
              height={18}
              width={18}
            />
          </div>
        </a>
        <a
          className=" css-nr9jvx-SectionLink-SectionLink"
          href="/sdks-tools"
          onClick={[Function]}
          onMouseEnter={[Function]}
          onTouchStart={[Function]}
        >
          <div
            className="css-30rc4k-SectionIconWrap e1qiqw1s12"
          >
            <svg
              className="section-icon"
              height={22}
              width={22}
            />
          </div>
          SDKs & Tools
        </a>
      </div>
      <div
        className="css-17mreui-ExternalSectionWrap e1qiqw1s14"
      >
        <a
          className=" css-nr9jvx-SectionLink-SectionLink"
          href="https://discuss.dwolla.com/"
          onClick={[Function]}
          onMouseEnter={[Function]}
          onTouchStart={[Function]}
          target="_blank"
        >
          <div
            className="css-30rc4k-SectionIconWrap e1qiqw1s12"
          >
            <svg
              className="section-icon"
              height={15}
              width={15}
            />
          </div>
          Community
        </a>
      </div>
      <div
        className="css-19j3ofi-MobileWrap e1qiqw1s2"
      >
        <div
          className="css-1rc904k-MobileButtonWrap e1qiqw1s0"
        >
          <a
            className="MuiButtonBase-root MuiButton-root MuiButton-contained MuiButton-containedSecondary MuiButton-sizeMedium MuiButton-containedSizeMedium MuiButton-fullWidth MuiButton-root MuiButton-contained MuiButton-containedSecondary MuiButton-sizeMedium MuiButton-containedSizeMedium MuiButton-fullWidth css-mrzqee-MuiButtonBase-root-MuiButton-root"
            href="https://accounts-sandbox.dwolla.com/login"
            onBlur={[Function]}
            onContextMenu={[Function]}
            onDragLeave={[Function]}
            onFocus={[Function]}
            onKeyDown={[Function]}
            onKeyUp={[Function]}
            onMouseDown={[Function]}
            onMouseLeave={[Function]}
            onMouseUp={[Function]}
            onTouchEnd={[Function]}
            onTouchMove={[Function]}
            onTouchStart={[Function]}
            tabIndex={0}
            target="_blank"
          >
            Get API Keys
            <span
              className="MuiTouchRipple-root css-8je8zh-MuiTouchRipple-root"
            />
          </a>
        </div>
      </div>
    </div>
  </div>
</div>
`;
