// Jest Snapshot v1, https://goo.gl/fbAQLP

exports[`TopBar 1`] = `
<div
  className="css-67tr3t-Container e1psldpd5"
>
  <div
    className="css-hafdn5-StyledLogoWrap e1psldpd4"
  >
    <a
      href="/"
      onClick={[Function]}
      onMouseEnter={[Function]}
      onTouchStart={[Function]}
    >
      <img
        alt=""
        className="css-g6dikn-StyledLogo e1psldpd3"
        src="test-image-stub"
      />
    </a>
  </div>
  <div
    className="css-p48gnw-SelectWrapper e1psldpd1"
  >
    <div
      className="MuiFormControl-root css-dru9rs-MuiFormControl-root"
    >
      <label
        className="MuiFormLabel-root MuiInputLabel-root MuiInputLabel-formControl MuiInputLabel-animated MuiInputLabel-sizeSmall MuiInputLabel-outlined MuiFormLabel-colorPrimary css-1pysi21-MuiFormLabel-root-MuiInputLabel-root"
        data-shrink={false}
        id=":r0:"
      >
        Select Language
      </label>
      <div
        className="MuiInputBase-root MuiOutlinedInput-root MuiInputBase-colorPrimary MuiInputBase-formControl MuiInputBase-sizeSmall  css-1yk1gt9-MuiInputBase-root-MuiOutlinedInput-root-MuiSelect-root"
        onClick={[Function]}
      >
        <div
          aria-expanded="false"
          aria-haspopup="listbox"
          aria-labelledby=":r0:"
          className="MuiSelect-select MuiSelect-outlined MuiInputBase-input MuiOutlinedInput-input MuiInputBase-inputSizeSmall css-jedpe8-MuiSelect-select-MuiInputBase-input-MuiOutlinedInput-input"
          onBlur={[Function]}
          onFocus={[Function]}
          onKeyDown={[Function]}
          onMouseDown={[Function]}
          role="button"
          tabIndex={0}
        >
          <span
            className="notranslate"
          >
            ​
          </span>
        </div>
        <input
          aria-hidden={true}
          className="MuiSelect-nativeInput css-yf8vq0-MuiSelect-nativeInput"
          disabled={false}
          onAnimationStart={[Function]}
          onChange={[Function]}
          required={false}
          tabIndex={-1}
          value=""
        />
        <svg
          aria-hidden={true}
          className="MuiSvgIcon-root MuiSvgIcon-fontSizeMedium MuiSelect-icon MuiSelect-iconOutlined css-hfutr2-MuiSvgIcon-root-MuiSelect-icon"
          data-testid="ArrowDropDownIcon"
          focusable="false"
          viewBox="0 0 24 24"
        >
          <path
            d="M7 10l5 5 5-5z"
          />
        </svg>
        <fieldset
          aria-hidden={true}
          className="MuiOutlinedInput-notchedOutline css-1d3z3hw-MuiOutlinedInput-notchedOutline"
        >
          <legend
            className="css-1ftyaf0"
          >
            <span>
              Select Language
            </span>
          </legend>
        </fieldset>
      </div>
    </div>
  </div>
  <div
    className="css-1as8qu1-ButtonWrapper e1psldpd2"
  >
    <a
      className="primary standard  css-ux75yb-StyledLink-buttonStyles-buttonStyles ek3ainu0"
      href="https://accounts-sandbox.dwolla.com/login"
      target="_blank"
    >
      Get API Keys
    </a>
  </div>
</div>
`;
